Archive member included to satisfy reference by file (symbol)

c:/st/stm32cubeide_1.5.0/stm32cubeide/plugins/com.st.stm32cube.ide.mcu.externaltools.gnu-tools-for-stm32.7-2018-q2-update.win32_1.5.0.202011040924/tools/bin/../lib/gcc/arm-none-eabi/7.3.1/../../../../arm-none-eabi/lib/thumb/v7-m\libc_nano.a(lib_a-exit.o)
                              c:/st/stm32cubeide_1.5.0/stm32cubeide/plugins/com.st.stm32cube.ide.mcu.externaltools.gnu-tools-for-stm32.7-2018-q2-update.win32_1.5.0.202011040924/tools/bin/../lib/gcc/arm-none-eabi/7.3.1/../../../../arm-none-eabi/lib/thumb/v7-m/crt0.o (exit)
c:/st/stm32cubeide_1.5.0/stm32cubeide/plugins/com.st.stm32cube.ide.mcu.externaltools.gnu-tools-for-stm32.7-2018-q2-update.win32_1.5.0.202011040924/tools/bin/../lib/gcc/arm-none-eabi/7.3.1/../../../../arm-none-eabi/lib/thumb/v7-m\libc_nano.a(lib_a-impure.o)
                              c:/st/stm32cubeide_1.5.0/stm32cubeide/plugins/com.st.stm32cube.ide.mcu.externaltools.gnu-tools-for-stm32.7-2018-q2-update.win32_1.5.0.202011040924/tools/bin/../lib/gcc/arm-none-eabi/7.3.1/../../../../arm-none-eabi/lib/thumb/v7-m\libc_nano.a(lib_a-exit.o) (_global_impure_ptr)
c:/st/stm32cubeide_1.5.0/stm32cubeide/plugins/com.st.stm32cube.ide.mcu.externaltools.gnu-tools-for-stm32.7-2018-q2-update.win32_1.5.0.202011040924/tools/bin/../lib/gcc/arm-none-eabi/7.3.1/../../../../arm-none-eabi/lib/thumb/v7-m\libc_nano.a(lib_a-init.o)
                              c:/st/stm32cubeide_1.5.0/stm32cubeide/plugins/com.st.stm32cube.ide.mcu.externaltools.gnu-tools-for-stm32.7-2018-q2-update.win32_1.5.0.202011040924/tools/bin/../lib/gcc/arm-none-eabi/7.3.1/../../../../arm-none-eabi/lib/thumb/v7-m/crt0.o (__libc_init_array)
c:/st/stm32cubeide_1.5.0/stm32cubeide/plugins/com.st.stm32cube.ide.mcu.externaltools.gnu-tools-for-stm32.7-2018-q2-update.win32_1.5.0.202011040924/tools/bin/../lib/gcc/arm-none-eabi/7.3.1/../../../../arm-none-eabi/lib/thumb/v7-m\libc_nano.a(lib_a-memset.o)
                              c:/st/stm32cubeide_1.5.0/stm32cubeide/plugins/com.st.stm32cube.ide.mcu.externaltools.gnu-tools-for-stm32.7-2018-q2-update.win32_1.5.0.202011040924/tools/bin/../lib/gcc/arm-none-eabi/7.3.1/../../../../arm-none-eabi/lib/thumb/v7-m/crt0.o (memset)
c:/st/stm32cubeide_1.5.0/stm32cubeide/plugins/com.st.stm32cube.ide.mcu.externaltools.gnu-tools-for-stm32.7-2018-q2-update.win32_1.5.0.202011040924/tools/bin/../lib/gcc/arm-none-eabi/7.3.1/../../../../arm-none-eabi/lib/thumb/v7-m\libnosys.a(_exit.o)
                              c:/st/stm32cubeide_1.5.0/stm32cubeide/plugins/com.st.stm32cube.ide.mcu.externaltools.gnu-tools-for-stm32.7-2018-q2-update.win32_1.5.0.202011040924/tools/bin/../lib/gcc/arm-none-eabi/7.3.1/../../../../arm-none-eabi/lib/thumb/v7-m\libc_nano.a(lib_a-exit.o) (_exit)

Discarded input sections

 .text          0x0000000000000000        0x0 c:/st/stm32cubeide_1.5.0/stm32cubeide/plugins/com.st.stm32cube.ide.mcu.externaltools.gnu-tools-for-stm32.7-2018-q2-update.win32_1.5.0.202011040924/tools/bin/../lib/gcc/arm-none-eabi/7.3.1/thumb/v7-m/crti.o
 .data          0x0000000000000000        0x0 c:/st/stm32cubeide_1.5.0/stm32cubeide/plugins/com.st.stm32cube.ide.mcu.externaltools.gnu-tools-for-stm32.7-2018-q2-update.win32_1.5.0.202011040924/tools/bin/../lib/gcc/arm-none-eabi/7.3.1/thumb/v7-m/crti.o
 .bss           0x0000000000000000        0x0 c:/st/stm32cubeide_1.5.0/stm32cubeide/plugins/com.st.stm32cube.ide.mcu.externaltools.gnu-tools-for-stm32.7-2018-q2-update.win32_1.5.0.202011040924/tools/bin/../lib/gcc/arm-none-eabi/7.3.1/thumb/v7-m/crti.o
 .data          0x0000000000000000        0x4 c:/st/stm32cubeide_1.5.0/stm32cubeide/plugins/com.st.stm32cube.ide.mcu.externaltools.gnu-tools-for-stm32.7-2018-q2-update.win32_1.5.0.202011040924/tools/bin/../lib/gcc/arm-none-eabi/7.3.1/thumb/v7-m/crtbegin.o
 .text          0x0000000000000000       0x74 c:/st/stm32cubeide_1.5.0/stm32cubeide/plugins/com.st.stm32cube.ide.mcu.externaltools.gnu-tools-for-stm32.7-2018-q2-update.win32_1.5.0.202011040924/tools/bin/../lib/gcc/arm-none-eabi/7.3.1/../../../../arm-none-eabi/lib/thumb/v7-m/crt0.o
 .data          0x0000000000000000        0x0 c:/st/stm32cubeide_1.5.0/stm32cubeide/plugins/com.st.stm32cube.ide.mcu.externaltools.gnu-tools-for-stm32.7-2018-q2-update.win32_1.5.0.202011040924/tools/bin/../lib/gcc/arm-none-eabi/7.3.1/../../../../arm-none-eabi/lib/thumb/v7-m/crt0.o
 .bss           0x0000000000000000        0x0 c:/st/stm32cubeide_1.5.0/stm32cubeide/plugins/com.st.stm32cube.ide.mcu.externaltools.gnu-tools-for-stm32.7-2018-q2-update.win32_1.5.0.202011040924/tools/bin/../lib/gcc/arm-none-eabi/7.3.1/../../../../arm-none-eabi/lib/thumb/v7-m/crt0.o
 .ARM.extab     0x0000000000000000        0x0 c:/st/stm32cubeide_1.5.0/stm32cubeide/plugins/com.st.stm32cube.ide.mcu.externaltools.gnu-tools-for-stm32.7-2018-q2-update.win32_1.5.0.202011040924/tools/bin/../lib/gcc/arm-none-eabi/7.3.1/../../../../arm-none-eabi/lib/thumb/v7-m/crt0.o
 .ARM.exidx     0x0000000000000000        0x8 c:/st/stm32cubeide_1.5.0/stm32cubeide/plugins/com.st.stm32cube.ide.mcu.externaltools.gnu-tools-for-stm32.7-2018-q2-update.win32_1.5.0.202011040924/tools/bin/../lib/gcc/arm-none-eabi/7.3.1/../../../../arm-none-eabi/lib/thumb/v7-m/crt0.o
 .ARM.attributes
                0x0000000000000000       0x1b c:/st/stm32cubeide_1.5.0/stm32cubeide/plugins/com.st.stm32cube.ide.mcu.externaltools.gnu-tools-for-stm32.7-2018-q2-update.win32_1.5.0.202011040924/tools/bin/../lib/gcc/arm-none-eabi/7.3.1/../../../../arm-none-eabi/lib/thumb/v7-m/crt0.o
 .group         0x0000000000000000        0xc Src/Application/ControlModule_program.o
 .group         0x0000000000000000        0xc Src/Application/ControlModule_program.o
 .group         0x0000000000000000        0xc Src/Application/ControlModule_program.o
 .group         0x0000000000000000        0xc Src/Application/ControlModule_program.o
 .group         0x0000000000000000        0xc Src/Application/ControlModule_program.o
 .group         0x0000000000000000        0xc Src/Application/ControlModule_program.o
 .group         0x0000000000000000        0xc Src/Application/ControlModule_program.o
 .group         0x0000000000000000        0xc Src/Application/ControlModule_program.o
 .group         0x0000000000000000        0xc Src/Application/ControlModule_program.o
 .group         0x0000000000000000        0xc Src/Application/ControlModule_program.o
 .group         0x0000000000000000        0xc Src/Application/ControlModule_program.o
 .text          0x0000000000000000        0x0 Src/Application/ControlModule_program.o
 .data          0x0000000000000000        0x0 Src/Application/ControlModule_program.o
 .bss           0x0000000000000000        0x0 Src/Application/ControlModule_program.o
 .group         0x0000000000000000        0xc Src/Application/DisplayModule_program.o
 .group         0x0000000000000000        0xc Src/Application/DisplayModule_program.o
 .group         0x0000000000000000        0xc Src/Application/DisplayModule_program.o
 .group         0x0000000000000000        0xc Src/Application/DisplayModule_program.o
 .group         0x0000000000000000        0xc Src/Application/DisplayModule_program.o
 .group         0x0000000000000000        0xc Src/Application/DisplayModule_program.o
 .group         0x0000000000000000        0xc Src/Application/DisplayModule_program.o
 .group         0x0000000000000000        0xc Src/Application/DisplayModule_program.o
 .group         0x0000000000000000        0xc Src/Application/DisplayModule_program.o
 .text          0x0000000000000000        0x0 Src/Application/DisplayModule_program.o
 .data          0x0000000000000000        0x0 Src/Application/DisplayModule_program.o
 .bss           0x0000000000000000        0x0 Src/Application/DisplayModule_program.o
 .debug_macro   0x0000000000000000      0xa60 Src/Application/DisplayModule_program.o
 .debug_macro   0x0000000000000000       0x10 Src/Application/DisplayModule_program.o
 .debug_macro   0x0000000000000000       0x58 Src/Application/DisplayModule_program.o
 .debug_macro   0x0000000000000000       0x10 Src/Application/DisplayModule_program.o
 .debug_macro   0x0000000000000000       0x70 Src/Application/DisplayModule_program.o
 .debug_macro   0x0000000000000000       0x10 Src/Application/DisplayModule_program.o
 .debug_macro   0x0000000000000000       0x52 Src/Application/DisplayModule_program.o
 .debug_macro   0x0000000000000000       0x58 Src/Application/DisplayModule_program.o
 .group         0x0000000000000000        0xc Src/Application/InputModule_program.o
 .group         0x0000000000000000        0xc Src/Application/InputModule_program.o
 .group         0x0000000000000000        0xc Src/Application/InputModule_program.o
 .group         0x0000000000000000        0xc Src/Application/InputModule_program.o
 .group         0x0000000000000000        0xc Src/Application/InputModule_program.o
 .group         0x0000000000000000        0xc Src/Application/InputModule_program.o
 .group         0x0000000000000000        0xc Src/Application/InputModule_program.o
 .group         0x0000000000000000        0xc Src/Application/InputModule_program.o
 .group         0x0000000000000000        0xc Src/Application/InputModule_program.o
 .group         0x0000000000000000        0xc Src/Application/InputModule_program.o
 .group         0x0000000000000000        0xc Src/Application/InputModule_program.o
 .group         0x0000000000000000        0xc Src/Application/InputModule_program.o
 .group         0x0000000000000000        0xc Src/Application/InputModule_program.o
 .group         0x0000000000000000        0xc Src/Application/InputModule_program.o
 .text          0x0000000000000000        0x0 Src/Application/InputModule_program.o
 .data          0x0000000000000000        0x0 Src/Application/InputModule_program.o
 .bss           0x0000000000000000        0x0 Src/Application/InputModule_program.o
 .debug_macro   0x0000000000000000      0xa60 Src/Application/InputModule_program.o
 .debug_macro   0x0000000000000000       0x10 Src/Application/InputModule_program.o
 .debug_macro   0x0000000000000000       0x58 Src/Application/InputModule_program.o
 .debug_macro   0x0000000000000000       0x70 Src/Application/InputModule_program.o
 .debug_macro   0x0000000000000000       0x28 Src/Application/InputModule_program.o
 .debug_macro   0x0000000000000000       0x10 Src/Application/InputModule_program.o
 .debug_macro   0x0000000000000000       0x94 Src/Application/InputModule_program.o
 .debug_macro   0x0000000000000000       0x58 Src/Application/InputModule_program.o
 .group         0x0000000000000000        0xc Src/Application/StatusModule_program.o
 .group         0x0000000000000000        0xc Src/Application/StatusModule_program.o
 .group         0x0000000000000000        0xc Src/Application/StatusModule_program.o
 .group         0x0000000000000000        0xc Src/Application/StatusModule_program.o
 .group         0x0000000000000000        0xc Src/Application/StatusModule_program.o
 .group         0x0000000000000000        0xc Src/Application/StatusModule_program.o
 .group         0x0000000000000000        0xc Src/Application/StatusModule_program.o
 .text          0x0000000000000000        0x0 Src/Application/StatusModule_program.o
 .data          0x0000000000000000        0x0 Src/Application/StatusModule_program.o
 .bss           0x0000000000000000        0x0 Src/Application/StatusModule_program.o
 .text.StatusModule_voidTimeStatus
                0x0000000000000000       0x14 Src/Application/StatusModule_program.o
 .text.StatusModule_voidDateStatus
                0x0000000000000000       0x14 Src/Application/StatusModule_program.o
 .text.StatusModule_voidStopWatchStatus
                0x0000000000000000       0x14 Src/Application/StatusModule_program.o
 .debug_macro   0x0000000000000000      0xa60 Src/Application/StatusModule_program.o
 .debug_macro   0x0000000000000000       0x10 Src/Application/StatusModule_program.o
 .debug_macro   0x0000000000000000       0x58 Src/Application/StatusModule_program.o
 .debug_macro   0x0000000000000000       0x28 Src/Application/StatusModule_program.o
 .debug_macro   0x0000000000000000       0x70 Src/Application/StatusModule_program.o
 .debug_macro   0x0000000000000000       0x10 Src/Application/StatusModule_program.o
 .debug_macro   0x0000000000000000       0x58 Src/Application/StatusModule_program.o
 .group         0x0000000000000000        0xc Src/HAL/Hswitch_config.o
 .group         0x0000000000000000        0xc Src/HAL/Hswitch_config.o
 .group         0x0000000000000000        0xc Src/HAL/Hswitch_config.o
 .group         0x0000000000000000        0xc Src/HAL/Hswitch_config.o
 .group         0x0000000000000000        0xc Src/HAL/Hswitch_config.o
 .text          0x0000000000000000        0x0 Src/HAL/Hswitch_config.o
 .data          0x0000000000000000        0x0 Src/HAL/Hswitch_config.o
 .bss           0x0000000000000000        0x0 Src/HAL/Hswitch_config.o
 .debug_macro   0x0000000000000000      0xa60 Src/HAL/Hswitch_config.o
 .debug_macro   0x0000000000000000       0x2e Src/HAL/Hswitch_config.o
 .debug_macro   0x0000000000000000       0x10 Src/HAL/Hswitch_config.o
 .debug_macro   0x0000000000000000       0x58 Src/HAL/Hswitch_config.o
 .group         0x0000000000000000        0xc Src/HAL/Hswitch_program.o
 .group         0x0000000000000000        0xc Src/HAL/Hswitch_program.o
 .group         0x0000000000000000        0xc Src/HAL/Hswitch_program.o
 .group         0x0000000000000000        0xc Src/HAL/Hswitch_program.o
 .group         0x0000000000000000        0xc Src/HAL/Hswitch_program.o
 .text          0x0000000000000000        0x0 Src/HAL/Hswitch_program.o
 .data          0x0000000000000000        0x0 Src/HAL/Hswitch_program.o
 .bss           0x0000000000000000        0x0 Src/HAL/Hswitch_program.o
 .debug_macro   0x0000000000000000      0xa60 Src/HAL/Hswitch_program.o
 .debug_macro   0x0000000000000000       0x2e Src/HAL/Hswitch_program.o
 .debug_macro   0x0000000000000000       0x10 Src/HAL/Hswitch_program.o
 .debug_macro   0x0000000000000000       0x58 Src/HAL/Hswitch_program.o
 .debug_macro   0x0000000000000000       0x6a Src/HAL/Hswitch_program.o
 .group         0x0000000000000000        0xc Src/HAL/Led_config.o
 .group         0x0000000000000000        0xc Src/HAL/Led_config.o
 .group         0x0000000000000000        0xc Src/HAL/Led_config.o
 .group         0x0000000000000000        0xc Src/HAL/Led_config.o
 .group         0x0000000000000000        0xc Src/HAL/Led_config.o
 .group         0x0000000000000000        0xc Src/HAL/Led_config.o
 .text          0x0000000000000000        0x0 Src/HAL/Led_config.o
 .data          0x0000000000000000        0x0 Src/HAL/Led_config.o
 .bss           0x0000000000000000        0x0 Src/HAL/Led_config.o
 .debug_macro   0x0000000000000000      0xa60 Src/HAL/Led_config.o
 .debug_macro   0x0000000000000000       0x28 Src/HAL/Led_config.o
 .debug_macro   0x0000000000000000       0x10 Src/HAL/Led_config.o
 .debug_macro   0x0000000000000000       0x58 Src/HAL/Led_config.o
 .debug_macro   0x0000000000000000       0x6a Src/HAL/Led_config.o
 .debug_macro   0x0000000000000000       0x10 Src/HAL/Led_config.o
 .group         0x0000000000000000        0xc Src/HAL/Led_porogram.o
 .group         0x0000000000000000        0xc Src/HAL/Led_porogram.o
 .group         0x0000000000000000        0xc Src/HAL/Led_porogram.o
 .group         0x0000000000000000        0xc Src/HAL/Led_porogram.o
 .group         0x0000000000000000        0xc Src/HAL/Led_porogram.o
 .group         0x0000000000000000        0xc Src/HAL/Led_porogram.o
 .text          0x0000000000000000        0x0 Src/HAL/Led_porogram.o
 .data          0x0000000000000000        0x0 Src/HAL/Led_porogram.o
 .bss           0x0000000000000000        0x0 Src/HAL/Led_porogram.o
 .text.Hled_voidInit
                0x0000000000000000       0x58 Src/HAL/Led_porogram.o
 .text.Hled_voidToggleLed
                0x0000000000000000       0x9c Src/HAL/Led_porogram.o
 .data.u8Tog.4267
                0x0000000000000000        0x1 Src/HAL/Led_porogram.o
 .debug_macro   0x0000000000000000      0xa60 Src/HAL/Led_porogram.o
 .debug_macro   0x0000000000000000       0x28 Src/HAL/Led_porogram.o
 .debug_macro   0x0000000000000000       0x10 Src/HAL/Led_porogram.o
 .debug_macro   0x0000000000000000       0x58 Src/HAL/Led_porogram.o
 .debug_macro   0x0000000000000000       0x6a Src/HAL/Led_porogram.o
 .debug_macro   0x0000000000000000       0x10 Src/HAL/Led_porogram.o
 .group         0x0000000000000000        0xc Src/HAL/SSD_config.o
 .group         0x0000000000000000        0xc Src/HAL/SSD_config.o
 .group         0x0000000000000000        0xc Src/HAL/SSD_config.o
 .group         0x0000000000000000        0xc Src/HAL/SSD_config.o
 .group         0x0000000000000000        0xc Src/HAL/SSD_config.o
 .group         0x0000000000000000        0xc Src/HAL/SSD_config.o
 .text          0x0000000000000000        0x0 Src/HAL/SSD_config.o
 .data          0x0000000000000000        0x0 Src/HAL/SSD_config.o
 .bss           0x0000000000000000        0x0 Src/HAL/SSD_config.o
 .debug_macro   0x0000000000000000      0xa60 Src/HAL/SSD_config.o
 .debug_macro   0x0000000000000000       0x10 Src/HAL/SSD_config.o
 .debug_macro   0x0000000000000000       0x10 Src/HAL/SSD_config.o
 .debug_macro   0x0000000000000000       0x58 Src/HAL/SSD_config.o
 .debug_macro   0x0000000000000000       0x70 Src/HAL/SSD_config.o
 .debug_macro   0x0000000000000000       0x10 Src/HAL/SSD_config.o
 .group         0x0000000000000000        0xc Src/HAL/SSD_program.o
 .group         0x0000000000000000        0xc Src/HAL/SSD_program.o
 .group         0x0000000000000000        0xc Src/HAL/SSD_program.o
 .group         0x0000000000000000        0xc Src/HAL/SSD_program.o
 .group         0x0000000000000000        0xc Src/HAL/SSD_program.o
 .group         0x0000000000000000        0xc Src/HAL/SSD_program.o
 .text          0x0000000000000000        0x0 Src/HAL/SSD_program.o
 .data          0x0000000000000000        0x0 Src/HAL/SSD_program.o
 .bss           0x0000000000000000        0x0 Src/HAL/SSD_program.o
 .text.SSD_voidDisableAll
                0x0000000000000000       0x68 Src/HAL/SSD_program.o
 .text.SSD_voidEnable
                0x0000000000000000       0x48 Src/HAL/SSD_program.o
 .text.SSD_voidDisable
                0x0000000000000000       0x50 Src/HAL/SSD_program.o
 .debug_macro   0x0000000000000000      0xa60 Src/HAL/SSD_program.o
 .debug_macro   0x0000000000000000       0x10 Src/HAL/SSD_program.o
 .debug_macro   0x0000000000000000       0x10 Src/HAL/SSD_program.o
 .debug_macro   0x0000000000000000       0x58 Src/HAL/SSD_program.o
 .debug_macro   0x0000000000000000       0x70 Src/HAL/SSD_program.o
 .debug_macro   0x0000000000000000       0x10 Src/HAL/SSD_program.o
 .group         0x0000000000000000        0xc Src/MCAL/AFIO_program.o
 .group         0x0000000000000000        0xc Src/MCAL/AFIO_program.o
 .group         0x0000000000000000        0xc Src/MCAL/AFIO_program.o
 .group         0x0000000000000000        0xc Src/MCAL/AFIO_program.o
 .group         0x0000000000000000        0xc Src/MCAL/AFIO_program.o
 .group         0x0000000000000000        0xc Src/MCAL/AFIO_program.o
 .text          0x0000000000000000        0x0 Src/MCAL/AFIO_program.o
 .data          0x0000000000000000        0x0 Src/MCAL/AFIO_program.o
 .bss           0x0000000000000000        0x0 Src/MCAL/AFIO_program.o
 .debug_macro   0x0000000000000000      0xa60 Src/MCAL/AFIO_program.o
 .debug_macro   0x0000000000000000       0x10 Src/MCAL/AFIO_program.o
 .debug_macro   0x0000000000000000       0x58 Src/MCAL/AFIO_program.o
 .debug_macro   0x0000000000000000       0x6a Src/MCAL/AFIO_program.o
 .debug_macro   0x0000000000000000       0x70 Src/MCAL/AFIO_program.o
 .group         0x0000000000000000        0xc Src/MCAL/EXTI_program.o
 .group         0x0000000000000000        0xc Src/MCAL/EXTI_program.o
 .group         0x0000000000000000        0xc Src/MCAL/EXTI_program.o
 .group         0x0000000000000000        0xc Src/MCAL/EXTI_program.o
 .group         0x0000000000000000        0xc Src/MCAL/EXTI_program.o
 .group         0x0000000000000000        0xc Src/MCAL/EXTI_program.o
 .text          0x0000000000000000        0x0 Src/MCAL/EXTI_program.o
 .data          0x0000000000000000        0x0 Src/MCAL/EXTI_program.o
 .bss           0x0000000000000000        0x0 Src/MCAL/EXTI_program.o
 .text.MEXTI_voidDisableEXTI
                0x0000000000000000       0x30 Src/MCAL/EXTI_program.o
 .text.MEXTI_voidSoftwareTrigger
                0x0000000000000000       0x2c Src/MCAL/EXTI_program.o
 .debug_macro   0x0000000000000000      0xa60 Src/MCAL/EXTI_program.o
 .debug_macro   0x0000000000000000       0x10 Src/MCAL/EXTI_program.o
 .debug_macro   0x0000000000000000       0x58 Src/MCAL/EXTI_program.o
 .debug_macro   0x0000000000000000       0x6a Src/MCAL/EXTI_program.o
 .debug_macro   0x0000000000000000       0x7c Src/MCAL/EXTI_program.o
 .group         0x0000000000000000        0xc Src/MCAL/GPIO_program.o
 .group         0x0000000000000000        0xc Src/MCAL/GPIO_program.o
 .group         0x0000000000000000        0xc Src/MCAL/GPIO_program.o
 .group         0x0000000000000000        0xc Src/MCAL/GPIO_program.o
 .group         0x0000000000000000        0xc Src/MCAL/GPIO_program.o
 .text          0x0000000000000000        0x0 Src/MCAL/GPIO_program.o
 .data          0x0000000000000000        0x0 Src/MCAL/GPIO_program.o
 .bss           0x0000000000000000        0x0 Src/MCAL/GPIO_program.o
 .text.MGPIO_voidTogglePinValue
                0x0000000000000000       0x70 Src/MCAL/GPIO_program.o
 .text.MGPIO_voidSetPortDirection
                0x0000000000000000       0xc8 Src/MCAL/GPIO_program.o
 .text.MGPIO_voidSetPortValue
                0x0000000000000000       0xd8 Src/MCAL/GPIO_program.o
 .text.MGPIO_u16GetPortValue
                0x0000000000000000       0xb0 Src/MCAL/GPIO_program.o
 .text.MGPIO_voidWritePins
                0x0000000000000000       0xc8 Src/MCAL/GPIO_program.o
 .text.MGPIO_u8LockPin
                0x0000000000000000       0xd8 Src/MCAL/GPIO_program.o
 .debug_macro   0x0000000000000000      0xa60 Src/MCAL/GPIO_program.o
 .debug_macro   0x0000000000000000       0x10 Src/MCAL/GPIO_program.o
 .debug_macro   0x0000000000000000       0x58 Src/MCAL/GPIO_program.o
 .debug_macro   0x0000000000000000       0x70 Src/MCAL/GPIO_program.o
 .debug_macro   0x0000000000000000       0x1c Src/MCAL/GPIO_program.o
 .group         0x0000000000000000        0xc Src/MCAL/NVIC_program.o
 .group         0x0000000000000000        0xc Src/MCAL/NVIC_program.o
 .group         0x0000000000000000        0xc Src/MCAL/NVIC_program.o
 .group         0x0000000000000000        0xc Src/MCAL/NVIC_program.o
 .group         0x0000000000000000        0xc Src/MCAL/NVIC_program.o
 .text          0x0000000000000000        0x0 Src/MCAL/NVIC_program.o
 .data          0x0000000000000000        0x0 Src/MCAL/NVIC_program.o
 .bss           0x0000000000000000        0x0 Src/MCAL/NVIC_program.o
 .text.MNVIC_voidDisableInterrupt
                0x0000000000000000       0x34 Src/MCAL/NVIC_program.o
 .text.MNVIC_voidSetPendingFlag
                0x0000000000000000       0x34 Src/MCAL/NVIC_program.o
 .text.MNVIC_voidClearPendingFlag
                0x0000000000000000       0x34 Src/MCAL/NVIC_program.o
 .text.MNVIC_u8GetActiveFlag
                0x0000000000000000       0x3c Src/MCAL/NVIC_program.o
 .text.MNVIC_voidSWSetPriority
                0x0000000000000000       0xf8 Src/MCAL/NVIC_program.o
 .debug_macro   0x0000000000000000      0xa60 Src/MCAL/NVIC_program.o
 .debug_macro   0x0000000000000000       0x10 Src/MCAL/NVIC_program.o
 .debug_macro   0x0000000000000000       0x58 Src/MCAL/NVIC_program.o
 .debug_macro   0x0000000000000000       0x8e Src/MCAL/NVIC_program.o
 .group         0x0000000000000000        0xc Src/MCAL/RCC_program.o
 .group         0x0000000000000000        0xc Src/MCAL/RCC_program.o
 .group         0x0000000000000000        0xc Src/MCAL/RCC_program.o
 .group         0x0000000000000000        0xc Src/MCAL/RCC_program.o
 .group         0x0000000000000000        0xc Src/MCAL/RCC_program.o
 .group         0x0000000000000000        0xc Src/MCAL/RCC_program.o
 .text          0x0000000000000000        0x0 Src/MCAL/RCC_program.o
 .data          0x0000000000000000        0x0 Src/MCAL/RCC_program.o
 .bss           0x0000000000000000        0x0 Src/MCAL/RCC_program.o
 .text.MRCC_enuDisableClock
                0x0000000000000000       0x8c Src/MCAL/RCC_program.o
 .debug_macro   0x0000000000000000      0xa60 Src/MCAL/RCC_program.o
 .debug_macro   0x0000000000000000       0x10 Src/MCAL/RCC_program.o
 .debug_macro   0x0000000000000000       0x58 Src/MCAL/RCC_program.o
 .group         0x0000000000000000        0xc Src/MCAL/SysTick_program.o
 .group         0x0000000000000000        0xc Src/MCAL/SysTick_program.o
 .group         0x0000000000000000        0xc Src/MCAL/SysTick_program.o
 .group         0x0000000000000000        0xc Src/MCAL/SysTick_program.o
 .group         0x0000000000000000        0xc Src/MCAL/SysTick_program.o
 .text          0x0000000000000000        0x0 Src/MCAL/SysTick_program.o
 .data          0x0000000000000000        0x0 Src/MCAL/SysTick_program.o
 .bss           0x0000000000000000        0x0 Src/MCAL/SysTick_program.o
 .text.MSTK_voidSetBusyWait
                0x0000000000000000       0x58 Src/MCAL/SysTick_program.o
 .text.MSTK_voidSetIntervalSingle
                0x0000000000000000       0x48 Src/MCAL/SysTick_program.o
 .text.MSTK_voidStopTimer
                0x0000000000000000       0x28 Src/MCAL/SysTick_program.o
 .text.MSTK_voidResumeTimer
                0x0000000000000000       0x28 Src/MCAL/SysTick_program.o
 .text.MSTK_u32GetElapsedTime
                0x0000000000000000       0x24 Src/MCAL/SysTick_program.o
 .text.MSTK_u32GetRemainingTime
                0x0000000000000000       0x1c Src/MCAL/SysTick_program.o
 .text.SysTick_u8ReadFlag
                0x0000000000000000       0x20 Src/MCAL/SysTick_program.o
 .debug_macro   0x0000000000000000      0xa60 Src/MCAL/SysTick_program.o
 .debug_macro   0x0000000000000000       0x10 Src/MCAL/SysTick_program.o
 .debug_macro   0x0000000000000000       0x58 Src/MCAL/SysTick_program.o
 .group         0x0000000000000000        0xc Src/MCAL/Timer_program.o
 .group         0x0000000000000000        0xc Src/MCAL/Timer_program.o
 .group         0x0000000000000000        0xc Src/MCAL/Timer_program.o
 .group         0x0000000000000000        0xc Src/MCAL/Timer_program.o
 .group         0x0000000000000000        0xc Src/MCAL/Timer_program.o
 .group         0x0000000000000000        0xc Src/MCAL/Timer_program.o
 .group         0x0000000000000000        0xc Src/MCAL/Timer_program.o
 .text          0x0000000000000000        0x0 Src/MCAL/Timer_program.o
 .data          0x0000000000000000        0x0 Src/MCAL/Timer_program.o
 .bss           0x0000000000000000        0x0 Src/MCAL/Timer_program.o
 .text.MTimer3_voidInit
                0x0000000000000000       0x44 Src/MCAL/Timer_program.o
 .text.Mtimer3_voidSetInterval_ms
                0x0000000000000000       0x70 Src/MCAL/Timer_program.o
 .text.Mtimer4_voidDelay_us
                0x0000000000000000       0x54 Src/MCAL/Timer_program.o
 .text.Mtimer4_voidDelay_ms
                0x0000000000000000       0x58 Src/MCAL/Timer_program.o
 .debug_macro   0x0000000000000000      0xa60 Src/MCAL/Timer_program.o
 .debug_macro   0x0000000000000000       0x10 Src/MCAL/Timer_program.o
 .debug_macro   0x0000000000000000       0x58 Src/MCAL/Timer_program.o
 .debug_macro   0x0000000000000000       0x8e Src/MCAL/Timer_program.o
 .debug_macro   0x0000000000000000       0x22 Src/MCAL/Timer_program.o
 .group         0x0000000000000000        0xc Src/OS/OS_program.o
 .group         0x0000000000000000        0xc Src/OS/OS_program.o
 .group         0x0000000000000000        0xc Src/OS/OS_program.o
 .group         0x0000000000000000        0xc Src/OS/OS_program.o
 .group         0x0000000000000000        0xc Src/OS/OS_program.o
 .group         0x0000000000000000        0xc Src/OS/OS_program.o
 .group         0x0000000000000000        0xc Src/OS/OS_program.o
 .text          0x0000000000000000        0x0 Src/OS/OS_program.o
 .data          0x0000000000000000        0x0 Src/OS/OS_program.o
 .bss           0x0000000000000000        0x0 Src/OS/OS_program.o
 .text.OS_VoidDeleteTask
                0x0000000000000000       0x28 Src/OS/OS_program.o
 .debug_macro   0x0000000000000000      0xa60 Src/OS/OS_program.o
 .debug_macro   0x0000000000000000       0x10 Src/OS/OS_program.o
 .debug_macro   0x0000000000000000       0x6a Src/OS/OS_program.o
 .debug_macro   0x0000000000000000       0x22 Src/OS/OS_program.o
 .debug_macro   0x0000000000000000       0x58 Src/OS/OS_program.o
 .group         0x0000000000000000        0xc Src/main.o
 .group         0x0000000000000000        0xc Src/main.o
 .group         0x0000000000000000        0xc Src/main.o
 .group         0x0000000000000000        0xc Src/main.o
 .group         0x0000000000000000        0xc Src/main.o
 .group         0x0000000000000000        0xc Src/main.o
 .group         0x0000000000000000        0xc Src/main.o
 .group         0x0000000000000000        0xc Src/main.o
 .group         0x0000000000000000        0xc Src/main.o
 .group         0x0000000000000000        0xc Src/main.o
 .group         0x0000000000000000        0xc Src/main.o
 .group         0x0000000000000000        0xc Src/main.o
 .group         0x0000000000000000        0xc Src/main.o
 .group         0x0000000000000000        0xc Src/main.o
 .group         0x0000000000000000        0xc Src/main.o
 .text          0x0000000000000000        0x0 Src/main.o
 .data          0x0000000000000000        0x0 Src/main.o
 .bss           0x0000000000000000        0x0 Src/main.o
 .debug_macro   0x0000000000000000      0xa60 Src/main.o
 .debug_macro   0x0000000000000000       0x10 Src/main.o
 .debug_macro   0x0000000000000000       0x58 Src/main.o
 .debug_macro   0x0000000000000000       0x94 Src/main.o
 .debug_macro   0x0000000000000000       0x52 Src/main.o
 .debug_macro   0x0000000000000000       0x58 Src/main.o
 .debug_macro   0x0000000000000000       0x2e Src/main.o
 .debug_macro   0x0000000000000000       0x70 Src/main.o
 .debug_macro   0x0000000000000000       0x28 Src/main.o
 .debug_macro   0x0000000000000000       0x6a Src/main.o
 .debug_macro   0x0000000000000000       0x7c Src/main.o
 .debug_macro   0x0000000000000000       0x8e Src/main.o
 .debug_macro   0x0000000000000000      0x1fc Src/main.o
 .debug_macro   0x0000000000000000       0x22 Src/main.o
 .text          0x0000000000000000       0x14 Startup/startup_stm32f103c8tx.o
 .data          0x0000000000000000        0x0 Startup/startup_stm32f103c8tx.o
 .bss           0x0000000000000000        0x0 Startup/startup_stm32f103c8tx.o
 .text          0x0000000000000000        0x0 c:/st/stm32cubeide_1.5.0/stm32cubeide/plugins/com.st.stm32cube.ide.mcu.externaltools.gnu-tools-for-stm32.7-2018-q2-update.win32_1.5.0.202011040924/tools/bin/../lib/gcc/arm-none-eabi/7.3.1/../../../../arm-none-eabi/lib/thumb/v7-m\libc_nano.a(lib_a-exit.o)
 .data          0x0000000000000000        0x0 c:/st/stm32cubeide_1.5.0/stm32cubeide/plugins/com.st.stm32cube.ide.mcu.externaltools.gnu-tools-for-stm32.7-2018-q2-update.win32_1.5.0.202011040924/tools/bin/../lib/gcc/arm-none-eabi/7.3.1/../../../../arm-none-eabi/lib/thumb/v7-m\libc_nano.a(lib_a-exit.o)
 .bss           0x0000000000000000        0x0 c:/st/stm32cubeide_1.5.0/stm32cubeide/plugins/com.st.stm32cube.ide.mcu.externaltools.gnu-tools-for-stm32.7-2018-q2-update.win32_1.5.0.202011040924/tools/bin/../lib/gcc/arm-none-eabi/7.3.1/../../../../arm-none-eabi/lib/thumb/v7-m\libc_nano.a(lib_a-exit.o)
 .text.exit     0x0000000000000000       0x28 c:/st/stm32cubeide_1.5.0/stm32cubeide/plugins/com.st.stm32cube.ide.mcu.externaltools.gnu-tools-for-stm32.7-2018-q2-update.win32_1.5.0.202011040924/tools/bin/../lib/gcc/arm-none-eabi/7.3.1/../../../../arm-none-eabi/lib/thumb/v7-m\libc_nano.a(lib_a-exit.o)
 .debug_frame   0x0000000000000000       0x28 c:/st/stm32cubeide_1.5.0/stm32cubeide/plugins/com.st.stm32cube.ide.mcu.externaltools.gnu-tools-for-stm32.7-2018-q2-update.win32_1.5.0.202011040924/tools/bin/../lib/gcc/arm-none-eabi/7.3.1/../../../../arm-none-eabi/lib/thumb/v7-m\libc_nano.a(lib_a-exit.o)
 .ARM.attributes
                0x0000000000000000       0x2d c:/st/stm32cubeide_1.5.0/stm32cubeide/plugins/com.st.stm32cube.ide.mcu.externaltools.gnu-tools-for-stm32.7-2018-q2-update.win32_1.5.0.202011040924/tools/bin/../lib/gcc/arm-none-eabi/7.3.1/../../../../arm-none-eabi/lib/thumb/v7-m\libc_nano.a(lib_a-exit.o)
 .text          0x0000000000000000        0x0 c:/st/stm32cubeide_1.5.0/stm32cubeide/plugins/com.st.stm32cube.ide.mcu.externaltools.gnu-tools-for-stm32.7-2018-q2-update.win32_1.5.0.202011040924/tools/bin/../lib/gcc/arm-none-eabi/7.3.1/../../../../arm-none-eabi/lib/thumb/v7-m\libc_nano.a(lib_a-impure.o)
 .data          0x0000000000000000        0x0 c:/st/stm32cubeide_1.5.0/stm32cubeide/plugins/com.st.stm32cube.ide.mcu.externaltools.gnu-tools-for-stm32.7-2018-q2-update.win32_1.5.0.202011040924/tools/bin/../lib/gcc/arm-none-eabi/7.3.1/../../../../arm-none-eabi/lib/thumb/v7-m\libc_nano.a(lib_a-impure.o)
 .bss           0x0000000000000000        0x0 c:/st/stm32cubeide_1.5.0/stm32cubeide/plugins/com.st.stm32cube.ide.mcu.externaltools.gnu-tools-for-stm32.7-2018-q2-update.win32_1.5.0.202011040924/tools/bin/../lib/gcc/arm-none-eabi/7.3.1/../../../../arm-none-eabi/lib/thumb/v7-m\libc_nano.a(lib_a-impure.o)
 .data._impure_ptr
                0x0000000000000000        0x4 c:/st/stm32cubeide_1.5.0/stm32cubeide/plugins/com.st.stm32cube.ide.mcu.externaltools.gnu-tools-for-stm32.7-2018-q2-update.win32_1.5.0.202011040924/tools/bin/../lib/gcc/arm-none-eabi/7.3.1/../../../../arm-none-eabi/lib/thumb/v7-m\libc_nano.a(lib_a-impure.o)
 .data.impure_data
                0x0000000000000000       0x60 c:/st/stm32cubeide_1.5.0/stm32cubeide/plugins/com.st.stm32cube.ide.mcu.externaltools.gnu-tools-for-stm32.7-2018-q2-update.win32_1.5.0.202011040924/tools/bin/../lib/gcc/arm-none-eabi/7.3.1/../../../../arm-none-eabi/lib/thumb/v7-m\libc_nano.a(lib_a-impure.o)
 .rodata._global_impure_ptr
                0x0000000000000000        0x4 c:/st/stm32cubeide_1.5.0/stm32cubeide/plugins/com.st.stm32cube.ide.mcu.externaltools.gnu-tools-for-stm32.7-2018-q2-update.win32_1.5.0.202011040924/tools/bin/../lib/gcc/arm-none-eabi/7.3.1/../../../../arm-none-eabi/lib/thumb/v7-m\libc_nano.a(lib_a-impure.o)
 .ARM.attributes
                0x0000000000000000       0x2d c:/st/stm32cubeide_1.5.0/stm32cubeide/plugins/com.st.stm32cube.ide.mcu.externaltools.gnu-tools-for-stm32.7-2018-q2-update.win32_1.5.0.202011040924/tools/bin/../lib/gcc/arm-none-eabi/7.3.1/../../../../arm-none-eabi/lib/thumb/v7-m\libc_nano.a(lib_a-impure.o)
 .text          0x0000000000000000        0x0 c:/st/stm32cubeide_1.5.0/stm32cubeide/plugins/com.st.stm32cube.ide.mcu.externaltools.gnu-tools-for-stm32.7-2018-q2-update.win32_1.5.0.202011040924/tools/bin/../lib/gcc/arm-none-eabi/7.3.1/../../../../arm-none-eabi/lib/thumb/v7-m\libc_nano.a(lib_a-init.o)
 .data          0x0000000000000000        0x0 c:/st/stm32cubeide_1.5.0/stm32cubeide/plugins/com.st.stm32cube.ide.mcu.externaltools.gnu-tools-for-stm32.7-2018-q2-update.win32_1.5.0.202011040924/tools/bin/../lib/gcc/arm-none-eabi/7.3.1/../../../../arm-none-eabi/lib/thumb/v7-m\libc_nano.a(lib_a-init.o)
 .bss           0x0000000000000000        0x0 c:/st/stm32cubeide_1.5.0/stm32cubeide/plugins/com.st.stm32cube.ide.mcu.externaltools.gnu-tools-for-stm32.7-2018-q2-update.win32_1.5.0.202011040924/tools/bin/../lib/gcc/arm-none-eabi/7.3.1/../../../../arm-none-eabi/lib/thumb/v7-m\libc_nano.a(lib_a-init.o)
 .text          0x0000000000000000        0x0 c:/st/stm32cubeide_1.5.0/stm32cubeide/plugins/com.st.stm32cube.ide.mcu.externaltools.gnu-tools-for-stm32.7-2018-q2-update.win32_1.5.0.202011040924/tools/bin/../lib/gcc/arm-none-eabi/7.3.1/../../../../arm-none-eabi/lib/thumb/v7-m\libc_nano.a(lib_a-memset.o)
 .data          0x0000000000000000        0x0 c:/st/stm32cubeide_1.5.0/stm32cubeide/plugins/com.st.stm32cube.ide.mcu.externaltools.gnu-tools-for-stm32.7-2018-q2-update.win32_1.5.0.202011040924/tools/bin/../lib/gcc/arm-none-eabi/7.3.1/../../../../arm-none-eabi/lib/thumb/v7-m\libc_nano.a(lib_a-memset.o)
 .bss           0x0000000000000000        0x0 c:/st/stm32cubeide_1.5.0/stm32cubeide/plugins/com.st.stm32cube.ide.mcu.externaltools.gnu-tools-for-stm32.7-2018-q2-update.win32_1.5.0.202011040924/tools/bin/../lib/gcc/arm-none-eabi/7.3.1/../../../../arm-none-eabi/lib/thumb/v7-m\libc_nano.a(lib_a-memset.o)
 .text.memset   0x0000000000000000       0x10 c:/st/stm32cubeide_1.5.0/stm32cubeide/plugins/com.st.stm32cube.ide.mcu.externaltools.gnu-tools-for-stm32.7-2018-q2-update.win32_1.5.0.202011040924/tools/bin/../lib/gcc/arm-none-eabi/7.3.1/../../../../arm-none-eabi/lib/thumb/v7-m\libc_nano.a(lib_a-memset.o)
 .debug_frame   0x0000000000000000       0x20 c:/st/stm32cubeide_1.5.0/stm32cubeide/plugins/com.st.stm32cube.ide.mcu.externaltools.gnu-tools-for-stm32.7-2018-q2-update.win32_1.5.0.202011040924/tools/bin/../lib/gcc/arm-none-eabi/7.3.1/../../../../arm-none-eabi/lib/thumb/v7-m\libc_nano.a(lib_a-memset.o)
 .ARM.attributes
                0x0000000000000000       0x2d c:/st/stm32cubeide_1.5.0/stm32cubeide/plugins/com.st.stm32cube.ide.mcu.externaltools.gnu-tools-for-stm32.7-2018-q2-update.win32_1.5.0.202011040924/tools/bin/../lib/gcc/arm-none-eabi/7.3.1/../../../../arm-none-eabi/lib/thumb/v7-m\libc_nano.a(lib_a-memset.o)
 .text          0x0000000000000000        0x0 c:/st/stm32cubeide_1.5.0/stm32cubeide/plugins/com.st.stm32cube.ide.mcu.externaltools.gnu-tools-for-stm32.7-2018-q2-update.win32_1.5.0.202011040924/tools/bin/../lib/gcc/arm-none-eabi/7.3.1/../../../../arm-none-eabi/lib/thumb/v7-m\libnosys.a(_exit.o)
 .data          0x0000000000000000        0x0 c:/st/stm32cubeide_1.5.0/stm32cubeide/plugins/com.st.stm32cube.ide.mcu.externaltools.gnu-tools-for-stm32.7-2018-q2-update.win32_1.5.0.202011040924/tools/bin/../lib/gcc/arm-none-eabi/7.3.1/../../../../arm-none-eabi/lib/thumb/v7-m\libnosys.a(_exit.o)
 .bss           0x0000000000000000        0x0 c:/st/stm32cubeide_1.5.0/stm32cubeide/plugins/com.st.stm32cube.ide.mcu.externaltools.gnu-tools-for-stm32.7-2018-q2-update.win32_1.5.0.202011040924/tools/bin/../lib/gcc/arm-none-eabi/7.3.1/../../../../arm-none-eabi/lib/thumb/v7-m\libnosys.a(_exit.o)
 .text._exit    0x0000000000000000        0x2 c:/st/stm32cubeide_1.5.0/stm32cubeide/plugins/com.st.stm32cube.ide.mcu.externaltools.gnu-tools-for-stm32.7-2018-q2-update.win32_1.5.0.202011040924/tools/bin/../lib/gcc/arm-none-eabi/7.3.1/../../../../arm-none-eabi/lib/thumb/v7-m\libnosys.a(_exit.o)
 .debug_frame   0x0000000000000000       0x20 c:/st/stm32cubeide_1.5.0/stm32cubeide/plugins/com.st.stm32cube.ide.mcu.externaltools.gnu-tools-for-stm32.7-2018-q2-update.win32_1.5.0.202011040924/tools/bin/../lib/gcc/arm-none-eabi/7.3.1/../../../../arm-none-eabi/lib/thumb/v7-m\libnosys.a(_exit.o)
 .ARM.attributes
                0x0000000000000000       0x2d c:/st/stm32cubeide_1.5.0/stm32cubeide/plugins/com.st.stm32cube.ide.mcu.externaltools.gnu-tools-for-stm32.7-2018-q2-update.win32_1.5.0.202011040924/tools/bin/../lib/gcc/arm-none-eabi/7.3.1/../../../../arm-none-eabi/lib/thumb/v7-m\libnosys.a(_exit.o)
 .text          0x0000000000000000        0x0 c:/st/stm32cubeide_1.5.0/stm32cubeide/plugins/com.st.stm32cube.ide.mcu.externaltools.gnu-tools-for-stm32.7-2018-q2-update.win32_1.5.0.202011040924/tools/bin/../lib/gcc/arm-none-eabi/7.3.1/thumb/v7-m/crtend.o
 .data          0x0000000000000000        0x0 c:/st/stm32cubeide_1.5.0/stm32cubeide/plugins/com.st.stm32cube.ide.mcu.externaltools.gnu-tools-for-stm32.7-2018-q2-update.win32_1.5.0.202011040924/tools/bin/../lib/gcc/arm-none-eabi/7.3.1/thumb/v7-m/crtend.o
 .bss           0x0000000000000000        0x0 c:/st/stm32cubeide_1.5.0/stm32cubeide/plugins/com.st.stm32cube.ide.mcu.externaltools.gnu-tools-for-stm32.7-2018-q2-update.win32_1.5.0.202011040924/tools/bin/../lib/gcc/arm-none-eabi/7.3.1/thumb/v7-m/crtend.o
 .eh_frame      0x0000000000000000        0x4 c:/st/stm32cubeide_1.5.0/stm32cubeide/plugins/com.st.stm32cube.ide.mcu.externaltools.gnu-tools-for-stm32.7-2018-q2-update.win32_1.5.0.202011040924/tools/bin/../lib/gcc/arm-none-eabi/7.3.1/thumb/v7-m/crtend.o
 .ARM.attributes
                0x0000000000000000       0x2d c:/st/stm32cubeide_1.5.0/stm32cubeide/plugins/com.st.stm32cube.ide.mcu.externaltools.gnu-tools-for-stm32.7-2018-q2-update.win32_1.5.0.202011040924/tools/bin/../lib/gcc/arm-none-eabi/7.3.1/thumb/v7-m/crtend.o
 .text          0x0000000000000000        0x0 c:/st/stm32cubeide_1.5.0/stm32cubeide/plugins/com.st.stm32cube.ide.mcu.externaltools.gnu-tools-for-stm32.7-2018-q2-update.win32_1.5.0.202011040924/tools/bin/../lib/gcc/arm-none-eabi/7.3.1/thumb/v7-m/crtn.o
 .data          0x0000000000000000        0x0 c:/st/stm32cubeide_1.5.0/stm32cubeide/plugins/com.st.stm32cube.ide.mcu.externaltools.gnu-tools-for-stm32.7-2018-q2-update.win32_1.5.0.202011040924/tools/bin/../lib/gcc/arm-none-eabi/7.3.1/thumb/v7-m/crtn.o
 .bss           0x0000000000000000        0x0 c:/st/stm32cubeide_1.5.0/stm32cubeide/plugins/com.st.stm32cube.ide.mcu.externaltools.gnu-tools-for-stm32.7-2018-q2-update.win32_1.5.0.202011040924/tools/bin/../lib/gcc/arm-none-eabi/7.3.1/thumb/v7-m/crtn.o

Memory Configuration

Name             Origin             Length             Attributes
RAM              0x0000000020000000 0x0000000000005000 xrw
FLASH            0x0000000008000000 0x0000000000010000 xr
*default*        0x0000000000000000 0xffffffffffffffff

Linker script and memory map

LOAD c:/st/stm32cubeide_1.5.0/stm32cubeide/plugins/com.st.stm32cube.ide.mcu.externaltools.gnu-tools-for-stm32.7-2018-q2-update.win32_1.5.0.202011040924/tools/bin/../lib/gcc/arm-none-eabi/7.3.1/thumb/v7-m/crti.o
LOAD c:/st/stm32cubeide_1.5.0/stm32cubeide/plugins/com.st.stm32cube.ide.mcu.externaltools.gnu-tools-for-stm32.7-2018-q2-update.win32_1.5.0.202011040924/tools/bin/../lib/gcc/arm-none-eabi/7.3.1/thumb/v7-m/crtbegin.o
LOAD c:/st/stm32cubeide_1.5.0/stm32cubeide/plugins/com.st.stm32cube.ide.mcu.externaltools.gnu-tools-for-stm32.7-2018-q2-update.win32_1.5.0.202011040924/tools/bin/../lib/gcc/arm-none-eabi/7.3.1/../../../../arm-none-eabi/lib/thumb/v7-m/crt0.o
LOAD Src/Application/ControlModule_program.o
LOAD Src/Application/DisplayModule_program.o
LOAD Src/Application/InputModule_program.o
LOAD Src/Application/StatusModule_program.o
LOAD Src/HAL/Hswitch_config.o
LOAD Src/HAL/Hswitch_program.o
LOAD Src/HAL/Led_config.o
LOAD Src/HAL/Led_porogram.o
LOAD Src/HAL/SSD_config.o
LOAD Src/HAL/SSD_program.o
LOAD Src/MCAL/AFIO_program.o
LOAD Src/MCAL/EXTI_program.o
LOAD Src/MCAL/GPIO_program.o
LOAD Src/MCAL/NVIC_program.o
LOAD Src/MCAL/RCC_program.o
LOAD Src/MCAL/SysTick_program.o
LOAD Src/MCAL/Timer_program.o
LOAD Src/OS/OS_program.o
LOAD Src/main.o
LOAD Startup/startup_stm32f103c8tx.o
START GROUP
LOAD c:/st/stm32cubeide_1.5.0/stm32cubeide/plugins/com.st.stm32cube.ide.mcu.externaltools.gnu-tools-for-stm32.7-2018-q2-update.win32_1.5.0.202011040924/tools/bin/../lib/gcc/arm-none-eabi/7.3.1/../../../../arm-none-eabi/lib/thumb/v7-m\libc_nano.a
LOAD c:/st/stm32cubeide_1.5.0/stm32cubeide/plugins/com.st.stm32cube.ide.mcu.externaltools.gnu-tools-for-stm32.7-2018-q2-update.win32_1.5.0.202011040924/tools/bin/../lib/gcc/arm-none-eabi/7.3.1/../../../../arm-none-eabi/lib/thumb/v7-m\libm.a
END GROUP
START GROUP
LOAD c:/st/stm32cubeide_1.5.0/stm32cubeide/plugins/com.st.stm32cube.ide.mcu.externaltools.gnu-tools-for-stm32.7-2018-q2-update.win32_1.5.0.202011040924/tools/bin/../lib/gcc/arm-none-eabi/7.3.1/thumb/v7-m\libgcc.a
LOAD c:/st/stm32cubeide_1.5.0/stm32cubeide/plugins/com.st.stm32cube.ide.mcu.externaltools.gnu-tools-for-stm32.7-2018-q2-update.win32_1.5.0.202011040924/tools/bin/../lib/gcc/arm-none-eabi/7.3.1/../../../../arm-none-eabi/lib/thumb/v7-m\libc_nano.a
END GROUP
START GROUP
LOAD c:/st/stm32cubeide_1.5.0/stm32cubeide/plugins/com.st.stm32cube.ide.mcu.externaltools.gnu-tools-for-stm32.7-2018-q2-update.win32_1.5.0.202011040924/tools/bin/../lib/gcc/arm-none-eabi/7.3.1/thumb/v7-m\libgcc.a
LOAD c:/st/stm32cubeide_1.5.0/stm32cubeide/plugins/com.st.stm32cube.ide.mcu.externaltools.gnu-tools-for-stm32.7-2018-q2-update.win32_1.5.0.202011040924/tools/bin/../lib/gcc/arm-none-eabi/7.3.1/../../../../arm-none-eabi/lib/thumb/v7-m\libc_nano.a
LOAD c:/st/stm32cubeide_1.5.0/stm32cubeide/plugins/com.st.stm32cube.ide.mcu.externaltools.gnu-tools-for-stm32.7-2018-q2-update.win32_1.5.0.202011040924/tools/bin/../lib/gcc/arm-none-eabi/7.3.1/../../../../arm-none-eabi/lib/thumb/v7-m\libnosys.a
END GROUP
START GROUP
LOAD c:/st/stm32cubeide_1.5.0/stm32cubeide/plugins/com.st.stm32cube.ide.mcu.externaltools.gnu-tools-for-stm32.7-2018-q2-update.win32_1.5.0.202011040924/tools/bin/../lib/gcc/arm-none-eabi/7.3.1/thumb/v7-m\libgcc.a
LOAD c:/st/stm32cubeide_1.5.0/stm32cubeide/plugins/com.st.stm32cube.ide.mcu.externaltools.gnu-tools-for-stm32.7-2018-q2-update.win32_1.5.0.202011040924/tools/bin/../lib/gcc/arm-none-eabi/7.3.1/../../../../arm-none-eabi/lib/thumb/v7-m\libc_nano.a
LOAD c:/st/stm32cubeide_1.5.0/stm32cubeide/plugins/com.st.stm32cube.ide.mcu.externaltools.gnu-tools-for-stm32.7-2018-q2-update.win32_1.5.0.202011040924/tools/bin/../lib/gcc/arm-none-eabi/7.3.1/../../../../arm-none-eabi/lib/thumb/v7-m\libnosys.a
END GROUP
LOAD c:/st/stm32cubeide_1.5.0/stm32cubeide/plugins/com.st.stm32cube.ide.mcu.externaltools.gnu-tools-for-stm32.7-2018-q2-update.win32_1.5.0.202011040924/tools/bin/../lib/gcc/arm-none-eabi/7.3.1/thumb/v7-m/crtend.o
LOAD c:/st/stm32cubeide_1.5.0/stm32cubeide/plugins/com.st.stm32cube.ide.mcu.externaltools.gnu-tools-for-stm32.7-2018-q2-update.win32_1.5.0.202011040924/tools/bin/../lib/gcc/arm-none-eabi/7.3.1/thumb/v7-m/crtn.o
                0x0000000020005000                _estack = (ORIGIN (RAM) + LENGTH (RAM))
                0x0000000000000200                _Min_Heap_Size = 0x200
                0x0000000000000400                _Min_Stack_Size = 0x400

.isr_vector     0x0000000008000000      0x130
                0x0000000008000000                . = ALIGN (0x4)
 *(.isr_vector)
 .isr_vector    0x0000000008000000      0x130 Startup/startup_stm32f103c8tx.o
                0x0000000008000000                g_pfnVectors
                0x0000000008000130                . = ALIGN (0x4)

.text           0x0000000008000130     0x276c
                0x0000000008000130                . = ALIGN (0x4)
 *(.text)
 .text          0x0000000008000130       0x40 c:/st/stm32cubeide_1.5.0/stm32cubeide/plugins/com.st.stm32cube.ide.mcu.externaltools.gnu-tools-for-stm32.7-2018-q2-update.win32_1.5.0.202011040924/tools/bin/../lib/gcc/arm-none-eabi/7.3.1/thumb/v7-m/crtbegin.o
 *(.text*)
 .text.ControlModule_voidInit
                0x0000000008000170       0x50 Src/Application/ControlModule_program.o
                0x0000000008000170                ControlModule_voidInit
 .text.ControlModule_voidUpdate
                0x00000000080001c0       0x44 Src/Application/ControlModule_program.o
                0x00000000080001c0                ControlModule_voidUpdate
 .text.ControlModule_voidUpdateEdit
                0x0000000008000204       0x60 Src/Application/ControlModule_program.o
                0x0000000008000204                ControlModule_voidUpdateEdit
 .text.ControlModule_voidUpdateDisplay
                0x0000000008000264       0xb8 Src/Application/ControlModule_program.o
                0x0000000008000264                ControlModule_voidUpdateDisplay
 .text.ControlModule_voidDisplayOptions
                0x000000000800031c       0x7c Src/Application/ControlModule_program.o
 .text.ControlModule_voidEditDate
                0x0000000008000398       0xf8 Src/Application/ControlModule_program.o
 .text.ControlModule_voidEditYears
                0x0000000008000490       0x58 Src/Application/ControlModule_program.o
                0x0000000008000490                ControlModule_voidEditYears
 .text.ControlModule_voidEditMonths
                0x00000000080004e8       0x64 Src/Application/ControlModule_program.o
                0x00000000080004e8                ControlModule_voidEditMonths
 .text.ControlModule_voidEditDays
                0x000000000800054c       0x40 Src/Application/ControlModule_program.o
                0x000000000800054c                ControlModule_voidEditDays
 .text.ControlModule_u8UpdateDaysIncrease
                0x000000000800058c       0xd4 Src/Application/ControlModule_program.o
 .text.ControlModule_u8UpdateDaysDecrease
                0x0000000008000660       0xd4 Src/Application/ControlModule_program.o
 .text.ControlModule_voidEditTime
                0x0000000008000734       0xfc Src/Application/ControlModule_program.o
 .text.ControlModule_voidEditSecondsMinutes
                0x0000000008000830       0x64 Src/Application/ControlModule_program.o
                0x0000000008000830                ControlModule_voidEditSecondsMinutes
 .text.ControlModule_voidEditHours
                0x0000000008000894       0x64 Src/Application/ControlModule_program.o
                0x0000000008000894                ControlModule_voidEditHours
 .text.ControlModule_u8UpdateTime
                0x00000000080008f8       0x7c Src/Application/ControlModule_program.o
 .text.ControlModule_u8UpdateDate
                0x0000000008000974      0x114 Src/Application/ControlModule_program.o
 .text.ControlModule_BoolIsLeapYear
                0x0000000008000a88       0x4c Src/Application/ControlModule_program.o
 .text.ControlModule_BoolCheckAlarm
                0x0000000008000ad4       0x64 Src/Application/ControlModule_program.o
 .text.ControlModule_voidSetAlarmState
                0x0000000008000b38       0x30 Src/Application/ControlModule_program.o
                0x0000000008000b38                ControlModule_voidSetAlarmState
 .text.ControlModule_voidSetDisplayState
                0x0000000008000b68       0x20 Src/Application/ControlModule_program.o
                0x0000000008000b68                ControlModule_voidSetDisplayState
 .text.ControlModule_voidSetDisplayOrEdit
                0x0000000008000b88       0x20 Src/Application/ControlModule_program.o
                0x0000000008000b88                ControlModule_voidSetDisplayOrEdit
 .text.ControlModule_voidSetEditState
                0x0000000008000ba8       0x20 Src/Application/ControlModule_program.o
                0x0000000008000ba8                ControlModule_voidSetEditState
 .text.ControlModule_voidSetEditPosition
                0x0000000008000bc8       0x20 Src/Application/ControlModule_program.o
                0x0000000008000bc8                ControlModule_voidSetEditPosition
 .text.ControlModule_voidSetWhatToEdit
                0x0000000008000be8       0x20 Src/Application/ControlModule_program.o
                0x0000000008000be8                ControlModule_voidSetWhatToEdit
 .text.ControlModule_voidSetStopWatchState
                0x0000000008000c08       0x20 Src/Application/ControlModule_program.o
                0x0000000008000c08                ControlModule_voidSetStopWatchState
 .text.DispalyModule_voidInit
                0x0000000008000c28       0xa8 Src/Application/DisplayModule_program.o
                0x0000000008000c28                DispalyModule_voidInit
 .text.DisplayModule_voidDisplaySeconds
                0x0000000008000cd0       0x7c Src/Application/DisplayModule_program.o
                0x0000000008000cd0                DisplayModule_voidDisplaySeconds
 .text.DisplayModule_voidDisplayMinutes
                0x0000000008000d4c       0x7c Src/Application/DisplayModule_program.o
                0x0000000008000d4c                DisplayModule_voidDisplayMinutes
 .text.DisplayModule_voidDisplayHours
                0x0000000008000dc8       0x7c Src/Application/DisplayModule_program.o
                0x0000000008000dc8                DisplayModule_voidDisplayHours
 .text.DisplayModule_voidDisplayDays
                0x0000000008000e44       0x7c Src/Application/DisplayModule_program.o
                0x0000000008000e44                DisplayModule_voidDisplayDays
 .text.DisplayModule_voidDisplayMonths
                0x0000000008000ec0       0x7c Src/Application/DisplayModule_program.o
                0x0000000008000ec0                DisplayModule_voidDisplayMonths
 .text.DisplayModule_voidDisplayYears
                0x0000000008000f3c       0x7c Src/Application/DisplayModule_program.o
                0x0000000008000f3c                DisplayModule_voidDisplayYears
 .text.DisplayModule_voidSetTime
                0x0000000008000fb8       0x28 Src/Application/DisplayModule_program.o
                0x0000000008000fb8                DisplayModule_voidSetTime
 .text.DisplayModule_voidSetDate
                0x0000000008000fe0       0x28 Src/Application/DisplayModule_program.o
                0x0000000008000fe0                DisplayModule_voidSetDate
 .text.InputModule_voidInit
                0x0000000008001008       0xdc Src/Application/InputModule_program.o
                0x0000000008001008                InputModule_voidInit
 .text.InputModule_voidProcessInputs
                0x00000000080010e4       0x9c Src/Application/InputModule_program.o
                0x00000000080010e4                InputModule_voidProcessInputs
 .text.InputModule_voidProcessCenterSwitch
                0x0000000008001180       0x6c Src/Application/InputModule_program.o
 .text.InputModule_voidProcessRightSwitch
                0x00000000080011ec       0xb0 Src/Application/InputModule_program.o
 .text.InputModule_voidProcessLeftSwitch
                0x000000000800129c       0x94 Src/Application/InputModule_program.o
 .text.InputModule_voidProcessUpSwitch
                0x0000000008001330       0x6c Src/Application/InputModule_program.o
 .text.InputModule_voidProcessDownSwitch
                0x000000000800139c       0x48 Src/Application/InputModule_program.o
 .text.InputModule_voidActivateProcessInputsTask
                0x00000000080013e4        0xe Src/Application/InputModule_program.o
                0x00000000080013e4                InputModule_voidActivateProcessInputsTask
 *fill*         0x00000000080013f2        0x2 
 .text.StatusModule_voidInit
                0x00000000080013f4       0x20 Src/Application/StatusModule_program.o
                0x00000000080013f4                StatusModule_voidInit
 .text.StatusModule_voidAlarmOn
                0x0000000008001414        0xe Src/Application/StatusModule_program.o
                0x0000000008001414                StatusModule_voidAlarmOn
 .text.StatusModule_voidAlarmOff
                0x0000000008001422        0xe Src/Application/StatusModule_program.o
                0x0000000008001422                StatusModule_voidAlarmOff
 .text.StatusModule_voidActivateAlarm
                0x0000000008001430       0x74 Src/Application/StatusModule_program.o
                0x0000000008001430                StatusModule_voidActivateAlarm
 .text.StatusModule_voidDeactivateAlarm
                0x00000000080014a4       0x20 Src/Application/StatusModule_program.o
                0x00000000080014a4                StatusModule_voidDeactivateAlarm
 .text.Hswitch_voidInit
                0x00000000080014c4       0x58 Src/HAL/Hswitch_program.o
                0x00000000080014c4                Hswitch_voidInit
 .text.Hswitch_voidGetCenterSwitch
                0x000000000800151c       0x30 Src/HAL/Hswitch_program.o
                0x000000000800151c                Hswitch_voidGetCenterSwitch
 .text.Hswitch_voidGetRightSwitch
                0x000000000800154c       0x30 Src/HAL/Hswitch_program.o
                0x000000000800154c                Hswitch_voidGetRightSwitch
 .text.Hswitch_voidGetLeftSwitch
                0x000000000800157c       0x30 Src/HAL/Hswitch_program.o
                0x000000000800157c                Hswitch_voidGetLeftSwitch
 .text.Hswitch_voidGetUpSwitch
                0x00000000080015ac       0x30 Src/HAL/Hswitch_program.o
                0x00000000080015ac                Hswitch_voidGetUpSwitch
 .text.Hswitch_voidGetDownSwitch
                0x00000000080015dc       0x30 Src/HAL/Hswitch_program.o
                0x00000000080015dc                Hswitch_voidGetDownSwitch
 .text.Hled_voidLedOn
                0x000000000800160c       0x48 Src/HAL/Led_porogram.o
                0x000000000800160c                Hled_voidLedOn
 .text.Hled_voidLedOff
                0x0000000008001654       0x50 Src/HAL/Led_porogram.o
                0x0000000008001654                Hled_voidLedOff
 .text.SSD_Init
                0x00000000080016a4      0x1b0 Src/HAL/SSD_program.o
                0x00000000080016a4                SSD_Init
 .text.SSD_voidEnableOneDisableRest
                0x0000000008001854       0xa0 Src/HAL/SSD_program.o
                0x0000000008001854                SSD_voidEnableOneDisableRest
 .text.SSD_voidSendNumber
                0x00000000080018f4      0x3bc Src/HAL/SSD_program.o
                0x00000000080018f4                SSD_voidSendNumber
 .text.SSD_voidClearLeds
                0x0000000008001cb0      0x224 Src/HAL/SSD_program.o
                0x0000000008001cb0                SSD_voidClearLeds
 .text.AFIO_voidSetEXTIConfiguration
                0x0000000008001ed4       0x74 Src/MCAL/AFIO_program.o
                0x0000000008001ed4                AFIO_voidSetEXTIConfiguration
 .text.MEXTI_voidInit
                0x0000000008001f48       0x98 Src/MCAL/EXTI_program.o
                0x0000000008001f48                MEXTI_voidInit
 .text.MEXTI_voidEnableEXTI
                0x0000000008001fe0       0x2c Src/MCAL/EXTI_program.o
                0x0000000008001fe0                MEXTI_voidEnableEXTI
 .text.MEXTI_voidSetCallBack
                0x000000000800200c       0xc8 Src/MCAL/EXTI_program.o
                0x000000000800200c                MEXTI_voidSetCallBack
 .text.EXTI0_IRQHandler
                0x00000000080020d4       0x24 Src/MCAL/EXTI_program.o
                0x00000000080020d4                EXTI0_IRQHandler
 .text.EXTI9_5_IRQHandler
                0x00000000080020f8       0x24 Src/MCAL/EXTI_program.o
                0x00000000080020f8                EXTI9_5_IRQHandler
 .text.MGPIO_voidSetPinDirection
                0x000000000800211c      0x1ec Src/MCAL/GPIO_program.o
                0x000000000800211c                MGPIO_voidSetPinDirection
 .text.MGPIO_voidSetPinValue
                0x0000000008002308       0xc0 Src/MCAL/GPIO_program.o
                0x0000000008002308                MGPIO_voidSetPinValue
 .text.MGPIO_u8GetPinValue
                0x00000000080023c8       0x6c Src/MCAL/GPIO_program.o
                0x00000000080023c8                MGPIO_u8GetPinValue
 .text.MNVIC_voidEnableInterrupt
                0x0000000008002434       0x30 Src/MCAL/NVIC_program.o
                0x0000000008002434                MNVIC_voidEnableInterrupt
 .text.MRCC_enuInitSysClock
                0x0000000008002464       0x88 Src/MCAL/RCC_program.o
                0x0000000008002464                MRCC_enuInitSysClock
 .text.MRCC_enuEnableClock
                0x00000000080024ec       0x88 Src/MCAL/RCC_program.o
                0x00000000080024ec                MRCC_enuEnableClock
 .text.MSTK_voidInit
                0x0000000008002574       0x34 Src/MCAL/SysTick_program.o
                0x0000000008002574                MSTK_voidInit
 .text.MSTK_voidSetIntervalPeriodic
                0x00000000080025a8       0x48 Src/MCAL/SysTick_program.o
                0x00000000080025a8                MSTK_voidSetIntervalPeriodic
 .text.SysTick_Handler
                0x00000000080025f0       0x1c Src/MCAL/SysTick_program.o
                0x00000000080025f0                SysTick_Handler
 .text.TIM3_IRQHandler
                0x000000000800260c       0x2c Src/MCAL/Timer_program.o
                0x000000000800260c                TIM3_IRQHandler
 .text.OS_VoidStart
                0x0000000008002638       0x1c Src/OS/OS_program.o
                0x0000000008002638                OS_VoidStart
 .text.OS_VoidCreateTask
                0x0000000008002654       0x64 Src/OS/OS_program.o
                0x0000000008002654                OS_VoidCreateTask
 .text.OS_VoidSuspendTask
                0x00000000080026b8       0x28 Src/OS/OS_program.o
                0x00000000080026b8                OS_VoidSuspendTask
 .text.OS_VoidResumeTask
                0x00000000080026e0       0x28 Src/OS/OS_program.o
                0x00000000080026e0                OS_VoidResumeTask
 .text.OS_VoidSchedular
                0x0000000008002708       0x94 Src/OS/OS_program.o
                0x0000000008002708                OS_VoidSchedular
 .text.main     0x000000000800279c       0x4a Src/main.o
                0x000000000800279c                main
 *fill*         0x00000000080027e6        0x2 
 .text.Reset_Handler
                0x00000000080027e8       0x50 Startup/startup_stm32f103c8tx.o
                0x00000000080027e8                Reset_Handler
 .text.Default_Handler
                0x0000000008002838        0x2 Startup/startup_stm32f103c8tx.o
                0x0000000008002838                EXTI2_IRQHandler
                0x0000000008002838                TIM8_TRG_COM_IRQHandler
                0x0000000008002838                TIM8_CC_IRQHandler
                0x0000000008002838                DebugMon_Handler
                0x0000000008002838                TIM1_CC_IRQHandler
                0x0000000008002838                HardFault_Handler
                0x0000000008002838                TIM6_IRQHandler
                0x0000000008002838                PVD_IRQHandler
                0x0000000008002838                SDIO_IRQHandler
                0x0000000008002838                PendSV_Handler
                0x0000000008002838                NMI_Handler
                0x0000000008002838                EXTI3_IRQHandler
                0x0000000008002838                USB_HP_CAN_TX_IRQHandler
                0x0000000008002838                I2C2_EV_IRQHandler
                0x0000000008002838                UsageFault_Handler
                0x0000000008002838                ADC1_2_IRQHandler
                0x0000000008002838                SPI1_IRQHandler
                0x0000000008002838                CAN_SCE_IRQHandler
                0x0000000008002838                TAMPER_IRQHandler
                0x0000000008002838                TIM8_UP_IRQHandler
                0x0000000008002838                DMA2_Channel2_IRQHandler
                0x0000000008002838                DMA1_Channel4_IRQHandler
                0x0000000008002838                USART3_IRQHandler
                0x0000000008002838                RTC_IRQHandler
                0x0000000008002838                DMA1_Channel7_IRQHandler
                0x0000000008002838                UART5_IRQHandler
                0x0000000008002838                ADC3_IRQHandler
                0x0000000008002838                TIM4_IRQHandler
                0x0000000008002838                CAN_RX1_IRQHandler
                0x0000000008002838                DMA2_Channel1_IRQHandler
                0x0000000008002838                I2C1_EV_IRQHandler
                0x0000000008002838                DMA1_Channel6_IRQHandler
                0x0000000008002838                UART4_IRQHandler
                0x0000000008002838                RCC_IRQHandler
                0x0000000008002838                TIM1_TRG_COM_IRQHandler
                0x0000000008002838                DMA1_Channel1_IRQHandler
                0x0000000008002838                Default_Handler
                0x0000000008002838                EXTI15_10_IRQHandler
                0x0000000008002838                TIM7_IRQHandler
                0x0000000008002838                TIM5_IRQHandler
                0x0000000008002838                SPI2_IRQHandler
                0x0000000008002838                USB_LP_CAN_RX0_IRQHandler
                0x0000000008002838                MemManage_Handler
                0x0000000008002838                SVC_Handler
                0x0000000008002838                DMA1_Channel5_IRQHandler
                0x0000000008002838                EXTI4_IRQHandler
                0x0000000008002838                DMA1_Channel3_IRQHandler
                0x0000000008002838                FSMC_IRQHandler
                0x0000000008002838                TIM1_UP_IRQHandler
                0x0000000008002838                WWDG_IRQHandler
                0x0000000008002838                TIM2_IRQHandler
                0x0000000008002838                TIM1_BRK_IRQHandler
                0x0000000008002838                EXTI1_IRQHandler
                0x0000000008002838                RTCAlarm_IRQHandler
                0x0000000008002838                DMA2_Channel4_5_IRQHandler
                0x0000000008002838                USART2_IRQHandler
                0x0000000008002838                I2C2_ER_IRQHandler
                0x0000000008002838                DMA1_Channel2_IRQHandler
                0x0000000008002838                TIM8_BRK_IRQHandler
                0x0000000008002838                FLASH_IRQHandler
                0x0000000008002838                BusFault_Handler
                0x0000000008002838                USART1_IRQHandler
                0x0000000008002838                SPI3_IRQHandler
                0x0000000008002838                I2C1_ER_IRQHandler
                0x0000000008002838                DMA2_Channel3_IRQHandler
 *fill*         0x000000000800283a        0x2 
 .text.__libc_init_array
                0x000000000800283c       0x48 c:/st/stm32cubeide_1.5.0/stm32cubeide/plugins/com.st.stm32cube.ide.mcu.externaltools.gnu-tools-for-stm32.7-2018-q2-update.win32_1.5.0.202011040924/tools/bin/../lib/gcc/arm-none-eabi/7.3.1/../../../../arm-none-eabi/lib/thumb/v7-m\libc_nano.a(lib_a-init.o)
                0x000000000800283c                __libc_init_array
 *(.glue_7)
 .glue_7        0x0000000008002884        0x0 linker stubs
 *(.glue_7t)
 .glue_7t       0x0000000008002884        0x0 linker stubs
 *(.eh_frame)
 .eh_frame      0x0000000008002884        0x0 c:/st/stm32cubeide_1.5.0/stm32cubeide/plugins/com.st.stm32cube.ide.mcu.externaltools.gnu-tools-for-stm32.7-2018-q2-update.win32_1.5.0.202011040924/tools/bin/../lib/gcc/arm-none-eabi/7.3.1/thumb/v7-m/crtbegin.o
 *(.init)
 .init          0x0000000008002884        0x4 c:/st/stm32cubeide_1.5.0/stm32cubeide/plugins/com.st.stm32cube.ide.mcu.externaltools.gnu-tools-for-stm32.7-2018-q2-update.win32_1.5.0.202011040924/tools/bin/../lib/gcc/arm-none-eabi/7.3.1/thumb/v7-m/crti.o
                0x0000000008002884                _init
 .init          0x0000000008002888        0x8 c:/st/stm32cubeide_1.5.0/stm32cubeide/plugins/com.st.stm32cube.ide.mcu.externaltools.gnu-tools-for-stm32.7-2018-q2-update.win32_1.5.0.202011040924/tools/bin/../lib/gcc/arm-none-eabi/7.3.1/thumb/v7-m/crtn.o
 *(.fini)
 .fini          0x0000000008002890        0x4 c:/st/stm32cubeide_1.5.0/stm32cubeide/plugins/com.st.stm32cube.ide.mcu.externaltools.gnu-tools-for-stm32.7-2018-q2-update.win32_1.5.0.202011040924/tools/bin/../lib/gcc/arm-none-eabi/7.3.1/thumb/v7-m/crti.o
                0x0000000008002890                _fini
 .fini          0x0000000008002894        0x8 c:/st/stm32cubeide_1.5.0/stm32cubeide/plugins/com.st.stm32cube.ide.mcu.externaltools.gnu-tools-for-stm32.7-2018-q2-update.win32_1.5.0.202011040924/tools/bin/../lib/gcc/arm-none-eabi/7.3.1/thumb/v7-m/crtn.o
                0x000000000800289c                . = ALIGN (0x4)
                0x000000000800289c                _etext = .

.vfp11_veneer   0x000000000800289c        0x0
 .vfp11_veneer  0x000000000800289c        0x0 linker stubs

.v4_bx          0x000000000800289c        0x0
 .v4_bx         0x000000000800289c        0x0 linker stubs

.iplt           0x000000000800289c        0x0
 .iplt          0x000000000800289c        0x0 c:/st/stm32cubeide_1.5.0/stm32cubeide/plugins/com.st.stm32cube.ide.mcu.externaltools.gnu-tools-for-stm32.7-2018-q2-update.win32_1.5.0.202011040924/tools/bin/../lib/gcc/arm-none-eabi/7.3.1/thumb/v7-m/crtbegin.o

.rodata         0x000000000800289c       0x1c
                0x000000000800289c                . = ALIGN (0x4)
 *(.rodata)
 .rodata        0x000000000800289c        0xa Src/HAL/SSD_program.o
 *(.rodata*)
 *fill*         0x00000000080028a6        0x2 
 .rodata.ArrOfSwitches
                0x00000000080028a8        0xf Src/HAL/Hswitch_config.o
                0x00000000080028a8                ArrOfSwitches
                0x00000000080028b8                . = ALIGN (0x4)
 *fill*         0x00000000080028b7        0x1 

.rel.dyn        0x00000000080028b8        0x0
 .rel.iplt      0x00000000080028b8        0x0 c:/st/stm32cubeide_1.5.0/stm32cubeide/plugins/com.st.stm32cube.ide.mcu.externaltools.gnu-tools-for-stm32.7-2018-q2-update.win32_1.5.0.202011040924/tools/bin/../lib/gcc/arm-none-eabi/7.3.1/thumb/v7-m/crtbegin.o

.ARM.extab      0x00000000080028b8        0x0
                0x00000000080028b8                . = ALIGN (0x4)
 *(.ARM.extab* .gnu.linkonce.armextab.*)
                0x00000000080028b8                . = ALIGN (0x4)

.ARM            0x00000000080028b8        0x0
                0x00000000080028b8                . = ALIGN (0x4)
                0x00000000080028b8                __exidx_start = .
 *(.ARM.exidx*)
                0x00000000080028b8                __exidx_end = .
                0x00000000080028b8                . = ALIGN (0x4)

.preinit_array  0x00000000080028b8        0x0
                0x00000000080028b8                . = ALIGN (0x4)
                0x00000000080028b8                PROVIDE (__preinit_array_start = .)
 *(.preinit_array*)
                0x00000000080028b8                PROVIDE (__preinit_array_end = .)
                0x00000000080028b8                . = ALIGN (0x4)

.init_array     0x00000000080028b8        0x4
                0x00000000080028b8                . = ALIGN (0x4)
                0x00000000080028b8                PROVIDE (__init_array_start = .)
 *(SORT_BY_NAME(.init_array.*))
 *(.init_array*)
 .init_array    0x00000000080028b8        0x4 c:/st/stm32cubeide_1.5.0/stm32cubeide/plugins/com.st.stm32cube.ide.mcu.externaltools.gnu-tools-for-stm32.7-2018-q2-update.win32_1.5.0.202011040924/tools/bin/../lib/gcc/arm-none-eabi/7.3.1/thumb/v7-m/crtbegin.o
                0x00000000080028bc                PROVIDE (__init_array_end = .)
                0x00000000080028bc                . = ALIGN (0x4)

.fini_array     0x00000000080028bc        0x4
                0x00000000080028bc                . = ALIGN (0x4)
                [!provide]                        PROVIDE (__fini_array_start = .)
 *(SORT_BY_NAME(.fini_array.*))
 *(.fini_array*)
 .fini_array    0x00000000080028bc        0x4 c:/st/stm32cubeide_1.5.0/stm32cubeide/plugins/com.st.stm32cube.ide.mcu.externaltools.gnu-tools-for-stm32.7-2018-q2-update.win32_1.5.0.202011040924/tools/bin/../lib/gcc/arm-none-eabi/7.3.1/thumb/v7-m/crtbegin.o
                [!provide]                        PROVIDE (__fini_array_end = .)
                0x00000000080028c0                . = ALIGN (0x4)
                0x00000000080028c0                _sidata = LOADADDR (.data)

.data           0x0000000020000000       0x98 load address 0x00000000080028c0
                0x0000000020000000                . = ALIGN (0x4)
                0x0000000020000000                _sdata = .
 *(.data)
 *(.data*)
 .data.DisplayOrEdit
                0x0000000020000000        0x1 Src/Application/ControlModule_program.o
 .data.DisplayState
                0x0000000020000001        0x1 Src/Application/ControlModule_program.o
 .data.AlarmState
                0x0000000020000002        0x1 Src/Application/ControlModule_program.o
 .data.u8WhatToEdit
                0x0000000020000003        0x1 Src/Application/ControlModule_program.o
 .data.u8StopWatchStates
                0x0000000020000004        0x1 Src/Application/ControlModule_program.o
 *fill*         0x0000000020000005        0x3 
 .data.Time     0x0000000020000008        0x3 Src/Application/ControlModule_program.o
 *fill*         0x000000002000000b        0x1 
 .data.Date     0x000000002000000c        0x3 Src/Application/ControlModule_program.o
 *fill*         0x000000002000000f        0x1 
 .data.Alarm    0x0000000020000010        0x6 Src/Application/ControlModule_program.o
 .data.u8Tog.4426
                0x0000000020000016        0x1 Src/Application/ControlModule_program.o
 .data.u8Tog.4491
                0x0000000020000017        0x1 Src/Application/ControlModule_program.o
 .data.Tog.4305
                0x0000000020000018        0x1 Src/Application/DisplayModule_program.o
 .data.Tog.4310
                0x0000000020000019        0x1 Src/Application/DisplayModule_program.o
 .data.Tog.4315
                0x000000002000001a        0x1 Src/Application/DisplayModule_program.o
 .data.Tog.4320
                0x000000002000001b        0x1 Src/Application/DisplayModule_program.o
 .data.Tog.4325
                0x000000002000001c        0x1 Src/Application/DisplayModule_program.o
 .data.Tog.4330
                0x000000002000001d        0x1 Src/Application/DisplayModule_program.o
 .data.InputModule_u8EditPosition
                0x000000002000001e        0x1 Src/Application/InputModule_program.o
 .data.InputModule_u8WhatToEdit
                0x000000002000001f        0x1 Src/Application/InputModule_program.o
 .data.InputModule_u8DisplayStates
                0x0000000020000020        0x1 Src/Application/InputModule_program.o
 .data.u8Counter.4412
                0x0000000020000021        0x1 Src/Application/InputModule_program.o
 .data.state.4292
                0x0000000020000022        0x1 Src/Application/StatusModule_program.o
 .data.u8Counter.4291
                0x0000000020000023        0x1 Src/Application/StatusModule_program.o
 .data.HLEDArrayOfLeds
                0x0000000020000024        0xc Src/HAL/Led_config.o
                0x0000000020000024                HLEDArrayOfLeds
 .data.HSSDArrayOfSSD
                0x0000000020000030       0x66 Src/HAL/SSD_config.o
                0x0000000020000030                HSSDArrayOfSSD
 *(.RamFunc)
 *(.RamFunc*)
                0x0000000020000098                . = ALIGN (0x4)
 *fill*         0x0000000020000096        0x2 
                0x0000000020000098                _edata = .

.igot.plt       0x0000000020000098        0x0 load address 0x0000000008002958
 .igot.plt      0x0000000020000098        0x0 c:/st/stm32cubeide_1.5.0/stm32cubeide/plugins/com.st.stm32cube.ide.mcu.externaltools.gnu-tools-for-stm32.7-2018-q2-update.win32_1.5.0.202011040924/tools/bin/../lib/gcc/arm-none-eabi/7.3.1/thumb/v7-m/crtbegin.o
                0x0000000020000098                . = ALIGN (0x4)

.bss            0x0000000020000098      0x130 load address 0x0000000008002958
                0x0000000020000098                _sbss = .
                0x0000000020000098                __bss_start__ = _sbss
 *(.bss)
 .bss           0x0000000020000098       0x1c c:/st/stm32cubeide_1.5.0/stm32cubeide/plugins/com.st.stm32cube.ide.mcu.externaltools.gnu-tools-for-stm32.7-2018-q2-update.win32_1.5.0.202011040924/tools/bin/../lib/gcc/arm-none-eabi/7.3.1/thumb/v7-m/crtbegin.o
 *(.bss*)
 .bss.u8EditPosition
                0x00000000200000b4        0x1 Src/Application/ControlModule_program.o
 .bss.u8EditState
                0x00000000200000b5        0x1 Src/Application/ControlModule_program.o
 *fill*         0x00000000200000b6        0x2 
 .bss.StopWatch
                0x00000000200000b8        0x3 Src/Application/ControlModule_program.o
 *fill*         0x00000000200000bb        0x1 
 .bss.Dummy_Date
                0x00000000200000bc        0x3 Src/Application/ControlModule_program.o
 *fill*         0x00000000200000bf        0x1 
 .bss.TimeDisplay
                0x00000000200000c0        0x3 Src/Application/DisplayModule_program.o
 *fill*         0x00000000200000c3        0x1 
 .bss.DateDisplay
                0x00000000200000c4        0x3 Src/Application/DisplayModule_program.o
 *fill*         0x00000000200000c7        0x1 
 .bss.Switches  0x00000000200000c8        0x5 Src/Application/InputModule_program.o
 *fill*         0x00000000200000cd        0x3 
 .bss.EXTI_CallBack
                0x00000000200000d0       0x40 Src/MCAL/EXTI_program.o
 .bss.MSTK_Callback
                0x0000000020000110        0x4 Src/MCAL/SysTick_program.o
 .bss.TIM3_Callback
                0x0000000020000114        0x4 Src/MCAL/Timer_program.o
 .bss.OS_Tasks  0x0000000020000118       0xb0 Src/OS/OS_program.o
 *(COMMON)
                0x00000000200001c8                . = ALIGN (0x4)
                0x00000000200001c8                _ebss = .
                0x00000000200001c8                __bss_end__ = _ebss

._user_heap_stack
                0x00000000200001c8      0x600 load address 0x0000000008002958
                0x00000000200001c8                . = ALIGN (0x8)
                [!provide]                        PROVIDE (end = .)
                [!provide]                        PROVIDE (_end = .)
                0x00000000200003c8                . = (. + _Min_Heap_Size)
 *fill*         0x00000000200001c8      0x200 
                0x00000000200007c8                . = (. + _Min_Stack_Size)
 *fill*         0x00000000200003c8      0x400 
                0x00000000200007c8                . = ALIGN (0x8)

/DISCARD/
 libc.a(*)
 libm.a(*)
 libgcc.a(*)

.ARM.attributes
                0x0000000000000000       0x29
 *(.ARM.attributes)
 .ARM.attributes
                0x0000000000000000       0x1d c:/st/stm32cubeide_1.5.0/stm32cubeide/plugins/com.st.stm32cube.ide.mcu.externaltools.gnu-tools-for-stm32.7-2018-q2-update.win32_1.5.0.202011040924/tools/bin/../lib/gcc/arm-none-eabi/7.3.1/thumb/v7-m/crti.o
 .ARM.attributes
                0x000000000000001d       0x2d c:/st/stm32cubeide_1.5.0/stm32cubeide/plugins/com.st.stm32cube.ide.mcu.externaltools.gnu-tools-for-stm32.7-2018-q2-update.win32_1.5.0.202011040924/tools/bin/../lib/gcc/arm-none-eabi/7.3.1/thumb/v7-m/crtbegin.o
 .ARM.attributes
                0x000000000000004a       0x33 Src/Application/ControlModule_program.o
 .ARM.attributes
                0x000000000000007d       0x33 Src/Application/DisplayModule_program.o
 .ARM.attributes
                0x00000000000000b0       0x33 Src/Application/InputModule_program.o
 .ARM.attributes
                0x00000000000000e3       0x33 Src/Application/StatusModule_program.o
 .ARM.attributes
                0x0000000000000116       0x33 Src/HAL/Hswitch_config.o
 .ARM.attributes
                0x0000000000000149       0x33 Src/HAL/Hswitch_program.o
 .ARM.attributes
                0x000000000000017c       0x33 Src/HAL/Led_config.o
 .ARM.attributes
                0x00000000000001af       0x33 Src/HAL/Led_porogram.o
 .ARM.attributes
                0x00000000000001e2       0x33 Src/HAL/SSD_config.o
 .ARM.attributes
                0x0000000000000215       0x33 Src/HAL/SSD_program.o
 .ARM.attributes
                0x0000000000000248       0x33 Src/MCAL/AFIO_program.o
 .ARM.attributes
                0x000000000000027b       0x33 Src/MCAL/EXTI_program.o
 .ARM.attributes
                0x00000000000002ae       0x33 Src/MCAL/GPIO_program.o
 .ARM.attributes
                0x00000000000002e1       0x33 Src/MCAL/NVIC_program.o
 .ARM.attributes
                0x0000000000000314       0x33 Src/MCAL/RCC_program.o
 .ARM.attributes
                0x0000000000000347       0x33 Src/MCAL/SysTick_program.o
 .ARM.attributes
                0x000000000000037a       0x33 Src/MCAL/Timer_program.o
 .ARM.attributes
                0x00000000000003ad       0x33 Src/OS/OS_program.o
 .ARM.attributes
                0x00000000000003e0       0x33 Src/main.o
 .ARM.attributes
                0x0000000000000413       0x21 Startup/startup_stm32f103c8tx.o
 .ARM.attributes
                0x0000000000000434       0x2d c:/st/stm32cubeide_1.5.0/stm32cubeide/plugins/com.st.stm32cube.ide.mcu.externaltools.gnu-tools-for-stm32.7-2018-q2-update.win32_1.5.0.202011040924/tools/bin/../lib/gcc/arm-none-eabi/7.3.1/../../../../arm-none-eabi/lib/thumb/v7-m\libc_nano.a(lib_a-init.o)
 .ARM.attributes
                0x0000000000000461       0x1d c:/st/stm32cubeide_1.5.0/stm32cubeide/plugins/com.st.stm32cube.ide.mcu.externaltools.gnu-tools-for-stm32.7-2018-q2-update.win32_1.5.0.202011040924/tools/bin/../lib/gcc/arm-none-eabi/7.3.1/thumb/v7-m/crtn.o
OUTPUT(AlarmClock.elf elf32-littlearm)

.debug_info     0x0000000000000000     0x2dd1
 .debug_info    0x0000000000000000      0x76e Src/Application/ControlModule_program.o
 .debug_info    0x000000000000076e      0x380 Src/Application/DisplayModule_program.o
 .debug_info    0x0000000000000aee      0x305 Src/Application/InputModule_program.o
 .debug_info    0x0000000000000df3      0x1b2 Src/Application/StatusModule_program.o
 .debug_info    0x0000000000000fa5      0x17c Src/HAL/Hswitch_config.o
 .debug_info    0x0000000000001121      0x1f5 Src/HAL/Hswitch_program.o
 .debug_info    0x0000000000001316      0x172 Src/HAL/Led_config.o
 .debug_info    0x0000000000001488      0x1a0 Src/HAL/Led_porogram.o
 .debug_info    0x0000000000001628      0x1c6 Src/HAL/SSD_config.o
 .debug_info    0x00000000000017ee      0x265 Src/HAL/SSD_program.o
 .debug_info    0x0000000000001a53      0x111 Src/MCAL/AFIO_program.o
 .debug_info    0x0000000000001b64      0x1ee Src/MCAL/EXTI_program.o
 .debug_info    0x0000000000001d52      0x41f Src/MCAL/GPIO_program.o
 .debug_info    0x0000000000002171      0x309 Src/MCAL/NVIC_program.o
 .debug_info    0x000000000000247a      0x204 Src/MCAL/RCC_program.o
 .debug_info    0x000000000000267e      0x1f8 Src/MCAL/SysTick_program.o
 .debug_info    0x0000000000002876      0x222 Src/MCAL/Timer_program.o
 .debug_info    0x0000000000002a98      0x1d2 Src/OS/OS_program.o
 .debug_info    0x0000000000002c6a      0x145 Src/main.o
 .debug_info    0x0000000000002daf       0x22 Startup/startup_stm32f103c8tx.o

.debug_abbrev   0x0000000000000000     0x1259
 .debug_abbrev  0x0000000000000000      0x1b8 Src/Application/ControlModule_program.o
 .debug_abbrev  0x00000000000001b8      0x119 Src/Application/DisplayModule_program.o
 .debug_abbrev  0x00000000000002d1      0x109 Src/Application/InputModule_program.o
 .debug_abbrev  0x00000000000003da       0xe1 Src/Application/StatusModule_program.o
 .debug_abbrev  0x00000000000004bb       0xb0 Src/HAL/Hswitch_config.o
 .debug_abbrev  0x000000000000056b       0xea Src/HAL/Hswitch_program.o
 .debug_abbrev  0x0000000000000655       0xa9 Src/HAL/Led_config.o
 .debug_abbrev  0x00000000000006fe       0xf0 Src/HAL/Led_porogram.o
 .debug_abbrev  0x00000000000007ee       0xa9 Src/HAL/SSD_config.o
 .debug_abbrev  0x0000000000000897       0xd6 Src/HAL/SSD_program.o
 .debug_abbrev  0x000000000000096d       0xb2 Src/MCAL/AFIO_program.o
 .debug_abbrev  0x0000000000000a1f      0x103 Src/MCAL/EXTI_program.o
 .debug_abbrev  0x0000000000000b22      0x153 Src/MCAL/GPIO_program.o
 .debug_abbrev  0x0000000000000c75      0x122 Src/MCAL/NVIC_program.o
 .debug_abbrev  0x0000000000000d97       0xe7 Src/MCAL/RCC_program.o
 .debug_abbrev  0x0000000000000e7e      0x120 Src/MCAL/SysTick_program.o
 .debug_abbrev  0x0000000000000f9e      0x113 Src/MCAL/Timer_program.o
 .debug_abbrev  0x00000000000010b1       0xef Src/OS/OS_program.o
 .debug_abbrev  0x00000000000011a0       0xa7 Src/main.o
 .debug_abbrev  0x0000000000001247       0x12 Startup/startup_stm32f103c8tx.o

.debug_aranges  0x0000000000000000      0x588
 .debug_aranges
                0x0000000000000000       0xe0 Src/Application/ControlModule_program.o
 .debug_aranges
                0x00000000000000e0       0x60 Src/Application/DisplayModule_program.o
 .debug_aranges
                0x0000000000000140       0x58 Src/Application/InputModule_program.o
 .debug_aranges
                0x0000000000000198       0x58 Src/Application/StatusModule_program.o
 .debug_aranges
                0x00000000000001f0       0x18 Src/HAL/Hswitch_config.o
 .debug_aranges
                0x0000000000000208       0x48 Src/HAL/Hswitch_program.o
 .debug_aranges
                0x0000000000000250       0x18 Src/HAL/Led_config.o
 .debug_aranges
                0x0000000000000268       0x38 Src/HAL/Led_porogram.o
 .debug_aranges
                0x00000000000002a0       0x18 Src/HAL/SSD_config.o
 .debug_aranges
                0x00000000000002b8       0x50 Src/HAL/SSD_program.o
 .debug_aranges
                0x0000000000000308       0x20 Src/MCAL/AFIO_program.o
 .debug_aranges
                0x0000000000000328       0x50 Src/MCAL/EXTI_program.o
 .debug_aranges
                0x0000000000000378       0x60 Src/MCAL/GPIO_program.o
 .debug_aranges
                0x00000000000003d8       0x48 Src/MCAL/NVIC_program.o
 .debug_aranges
                0x0000000000000420       0x30 Src/MCAL/RCC_program.o
 .debug_aranges
                0x0000000000000450       0x68 Src/MCAL/SysTick_program.o
 .debug_aranges
                0x00000000000004b8       0x40 Src/MCAL/Timer_program.o
 .debug_aranges
                0x00000000000004f8       0x48 Src/OS/OS_program.o
 .debug_aranges
                0x0000000000000540       0x20 Src/main.o
 .debug_aranges
                0x0000000000000560       0x28 Startup/startup_stm32f103c8tx.o

.debug_ranges   0x0000000000000000      0x438
 .debug_ranges  0x0000000000000000       0xd0 Src/Application/ControlModule_program.o
 .debug_ranges  0x00000000000000d0       0x50 Src/Application/DisplayModule_program.o
 .debug_ranges  0x0000000000000120       0x48 Src/Application/InputModule_program.o
 .debug_ranges  0x0000000000000168       0x48 Src/Application/StatusModule_program.o
 .debug_ranges  0x00000000000001b0       0x38 Src/HAL/Hswitch_program.o
 .debug_ranges  0x00000000000001e8       0x28 Src/HAL/Led_porogram.o
 .debug_ranges  0x0000000000000210       0x40 Src/HAL/SSD_program.o
 .debug_ranges  0x0000000000000250       0x10 Src/MCAL/AFIO_program.o
 .debug_ranges  0x0000000000000260       0x40 Src/MCAL/EXTI_program.o
 .debug_ranges  0x00000000000002a0       0x50 Src/MCAL/GPIO_program.o
 .debug_ranges  0x00000000000002f0       0x38 Src/MCAL/NVIC_program.o
 .debug_ranges  0x0000000000000328       0x20 Src/MCAL/RCC_program.o
 .debug_ranges  0x0000000000000348       0x58 Src/MCAL/SysTick_program.o
 .debug_ranges  0x00000000000003a0       0x30 Src/MCAL/Timer_program.o
 .debug_ranges  0x00000000000003d0       0x38 Src/OS/OS_program.o
 .debug_ranges  0x0000000000000408       0x10 Src/main.o
 .debug_ranges  0x0000000000000418       0x20 Startup/startup_stm32f103c8tx.o

.debug_macro    0x0000000000000000     0x19fd
 .debug_macro   0x0000000000000000       0x91 Src/Application/ControlModule_program.o
 .debug_macro   0x0000000000000091      0xa60 Src/Application/ControlModule_program.o
 .debug_macro   0x0000000000000af1       0x10 Src/Application/ControlModule_program.o
 .debug_macro   0x0000000000000b01       0x58 Src/Application/ControlModule_program.o
 .debug_macro   0x0000000000000b59       0x94 Src/Application/ControlModule_program.o
 .debug_macro   0x0000000000000bed       0x52 Src/Application/ControlModule_program.o
 .debug_macro   0x0000000000000c3f       0x28 Src/Application/ControlModule_program.o
 .debug_macro   0x0000000000000c67       0x70 Src/Application/ControlModule_program.o
 .debug_macro   0x0000000000000cd7       0x10 Src/Application/ControlModule_program.o
 .debug_macro   0x0000000000000ce7       0x10 Src/Application/ControlModule_program.o
 .debug_macro   0x0000000000000cf7       0x10 Src/Application/ControlModule_program.o
 .debug_macro   0x0000000000000d07       0x58 Src/Application/ControlModule_program.o
 .debug_macro   0x0000000000000d5f       0x6f Src/Application/DisplayModule_program.o
 .debug_macro   0x0000000000000dce       0x22 Src/Application/DisplayModule_program.o
 .debug_macro   0x0000000000000df0       0xa6 Src/Application/InputModule_program.o
 .debug_macro   0x0000000000000e96       0x6a Src/Application/InputModule_program.o
 .debug_macro   0x0000000000000f00       0x7c Src/Application/InputModule_program.o
 .debug_macro   0x0000000000000f7c       0x1c Src/Application/InputModule_program.o
 .debug_macro   0x0000000000000f98       0x8e Src/Application/InputModule_program.o
 .debug_macro   0x0000000000001026       0x2e Src/Application/InputModule_program.o
 .debug_macro   0x0000000000001054       0x58 Src/Application/InputModule_program.o
 .debug_macro   0x00000000000010ac       0x67 Src/Application/StatusModule_program.o
 .debug_macro   0x0000000000001113       0x4b Src/HAL/Hswitch_config.o
 .debug_macro   0x000000000000115e       0x6a Src/HAL/Hswitch_config.o
 .debug_macro   0x00000000000011c8       0x4b Src/HAL/Hswitch_program.o
 .debug_macro   0x0000000000001213       0x50 Src/HAL/Led_config.o
 .debug_macro   0x0000000000001263       0x5a Src/HAL/Led_porogram.o
 .debug_macro   0x00000000000012bd       0x4a Src/HAL/SSD_config.o
 .debug_macro   0x0000000000001307       0x4a Src/HAL/SSD_program.o
 .debug_macro   0x0000000000001351       0x44 Src/MCAL/AFIO_program.o
 .debug_macro   0x0000000000001395       0x10 Src/MCAL/AFIO_program.o
 .debug_macro   0x00000000000013a5       0x4e Src/MCAL/EXTI_program.o
 .debug_macro   0x00000000000013f3       0x10 Src/MCAL/EXTI_program.o
 .debug_macro   0x0000000000001403       0x45 Src/MCAL/GPIO_program.o
 .debug_macro   0x0000000000001448       0x45 Src/MCAL/NVIC_program.o
 .debug_macro   0x000000000000148d       0x1c Src/MCAL/NVIC_program.o
 .debug_macro   0x00000000000014a9       0x44 Src/MCAL/RCC_program.o
 .debug_macro   0x00000000000014ed       0x2e Src/MCAL/RCC_program.o
 .debug_macro   0x000000000000151b      0x1fc Src/MCAL/RCC_program.o
 .debug_macro   0x0000000000001717       0x10 Src/MCAL/RCC_program.o
 .debug_macro   0x0000000000001727       0x45 Src/MCAL/SysTick_program.o
 .debug_macro   0x000000000000176c       0x10 Src/MCAL/SysTick_program.o
 .debug_macro   0x000000000000177c       0x34 Src/MCAL/SysTick_program.o
 .debug_macro   0x00000000000017b0       0x57 Src/MCAL/Timer_program.o
 .debug_macro   0x0000000000001807       0x22 Src/MCAL/Timer_program.o
 .debug_macro   0x0000000000001829       0x1c Src/MCAL/Timer_program.o
 .debug_macro   0x0000000000001845       0x67 Src/OS/OS_program.o
 .debug_macro   0x00000000000018ac       0x5e Src/OS/OS_program.o
 .debug_macro   0x000000000000190a       0x16 Src/OS/OS_program.o
 .debug_macro   0x0000000000001920       0xc7 Src/main.o
 .debug_macro   0x00000000000019e7       0x16 Src/main.o

.debug_line     0x0000000000000000     0x2110
 .debug_line    0x0000000000000000      0x5c4 Src/Application/ControlModule_program.o
 .debug_line    0x00000000000005c4      0x20c Src/Application/DisplayModule_program.o
 .debug_line    0x00000000000007d0      0x316 Src/Application/InputModule_program.o
 .debug_line    0x0000000000000ae6      0x1c1 Src/Application/StatusModule_program.o
 .debug_line    0x0000000000000ca7       0xc3 Src/HAL/Hswitch_config.o
 .debug_line    0x0000000000000d6a      0x141 Src/HAL/Hswitch_program.o
 .debug_line    0x0000000000000eab       0xb7 Src/HAL/Led_config.o
 .debug_line    0x0000000000000f62      0x132 Src/HAL/Led_porogram.o
 .debug_line    0x0000000000001094       0xb7 Src/HAL/SSD_config.o
 .debug_line    0x000000000000114b      0x1d1 Src/HAL/SSD_program.o
 .debug_line    0x000000000000131c       0xc8 Src/MCAL/AFIO_program.o
 .debug_line    0x00000000000013e4      0x15d Src/MCAL/EXTI_program.o
 .debug_line    0x0000000000001541      0x27a Src/MCAL/GPIO_program.o
 .debug_line    0x00000000000017bb      0x136 Src/MCAL/NVIC_program.o
 .debug_line    0x00000000000018f1      0x11a Src/MCAL/RCC_program.o
 .debug_line    0x0000000000001a0b      0x187 Src/MCAL/SysTick_program.o
 .debug_line    0x0000000000001b92      0x161 Src/MCAL/Timer_program.o
 .debug_line    0x0000000000001cf3      0x178 Src/OS/OS_program.o
 .debug_line    0x0000000000001e6b      0x221 Src/main.o
 .debug_line    0x000000000000208c       0x84 Startup/startup_stm32f103c8tx.o

.debug_str      0x0000000000000000     0x5d90
 .debug_str     0x0000000000000000     0x3b74 Src/Application/ControlModule_program.o
                                       0x3c64 (size before relaxing)
 .debug_str     0x0000000000003b74      0x218 Src/Application/DisplayModule_program.o
                                       0x3767 (size before relaxing)
 .debug_str     0x0000000000003d8c      0x79d Src/Application/InputModule_program.o
                                       0x3ce7 (size before relaxing)
 .debug_str     0x0000000000004529      0x112 Src/Application/StatusModule_program.o
                                       0x3531 (size before relaxing)
 .debug_str     0x000000000000463b       0x72 Src/HAL/Hswitch_config.o
                                       0x3330 (size before relaxing)
 .debug_str     0x00000000000046ad      0x10d Src/HAL/Hswitch_program.o
                                       0x33b8 (size before relaxing)
 .debug_str     0x00000000000047ba       0x18 Src/HAL/Led_config.o
                                       0x3345 (size before relaxing)
 .debug_str     0x00000000000047d2       0x68 Src/HAL/Led_porogram.o
                                       0x3351 (size before relaxing)
 .debug_str     0x000000000000483a       0x18 Src/HAL/SSD_config.o
                                       0x333c (size before relaxing)
 .debug_str     0x0000000000004852       0xba Src/HAL/SSD_program.o
                                       0x3372 (size before relaxing)
 .debug_str     0x000000000000490c       0xc7 Src/MCAL/AFIO_program.o
                                       0x337e (size before relaxing)
 .debug_str     0x00000000000049d3      0x177 Src/MCAL/EXTI_program.o
                                       0x332b (size before relaxing)
 .debug_str     0x0000000000004b4a      0x211 Src/MCAL/GPIO_program.o
                                       0x34eb (size before relaxing)
 .debug_str     0x0000000000004d5b      0x21a Src/MCAL/NVIC_program.o
                                       0x337b (size before relaxing)
 .debug_str     0x0000000000004f75      0x7bf Src/MCAL/RCC_program.o
                                       0x37ce (size before relaxing)
 .debug_str     0x0000000000005734      0x237 Src/MCAL/SysTick_program.o
                                       0x3233 (size before relaxing)
 .debug_str     0x000000000000596b      0x299 Src/MCAL/Timer_program.o
                                       0x3468 (size before relaxing)
 .debug_str     0x0000000000005c04      0x13c Src/OS/OS_program.o
                                       0x34ba (size before relaxing)
 .debug_str     0x0000000000005d40       0x1f Src/main.o
                                       0x405d (size before relaxing)
 .debug_str     0x0000000000005d5f       0x31 Startup/startup_stm32f103c8tx.o
                                         0x52 (size before relaxing)

.comment        0x0000000000000000       0x7b
 .comment       0x0000000000000000       0x7b Src/Application/ControlModule_program.o
                                         0x7c (size before relaxing)
 .comment       0x000000000000007b       0x7c Src/Application/DisplayModule_program.o
 .comment       0x000000000000007b       0x7c Src/Application/InputModule_program.o
 .comment       0x000000000000007b       0x7c Src/Application/StatusModule_program.o
 .comment       0x000000000000007b       0x7c Src/HAL/Hswitch_config.o
 .comment       0x000000000000007b       0x7c Src/HAL/Hswitch_program.o
 .comment       0x000000000000007b       0x7c Src/HAL/Led_config.o
 .comment       0x000000000000007b       0x7c Src/HAL/Led_porogram.o
 .comment       0x000000000000007b       0x7c Src/HAL/SSD_config.o
 .comment       0x000000000000007b       0x7c Src/HAL/SSD_program.o
 .comment       0x000000000000007b       0x7c Src/MCAL/AFIO_program.o
 .comment       0x000000000000007b       0x7c Src/MCAL/EXTI_program.o
 .comment       0x000000000000007b       0x7c Src/MCAL/GPIO_program.o
 .comment       0x000000000000007b       0x7c Src/MCAL/NVIC_program.o
 .comment       0x000000000000007b       0x7c Src/MCAL/RCC_program.o
 .comment       0x000000000000007b       0x7c Src/MCAL/SysTick_program.o
 .comment       0x000000000000007b       0x7c Src/MCAL/Timer_program.o
 .comment       0x000000000000007b       0x7c Src/OS/OS_program.o
 .comment       0x000000000000007b       0x7c Src/main.o

.debug_frame    0x0000000000000000     0x116c
 .debug_frame   0x0000000000000000      0x3ac Src/Application/ControlModule_program.o
 .debug_frame   0x00000000000003ac      0x154 Src/Application/DisplayModule_program.o
 .debug_frame   0x0000000000000500      0x118 Src/Application/InputModule_program.o
 .debug_frame   0x0000000000000618       0xf0 Src/Application/StatusModule_program.o
 .debug_frame   0x0000000000000708       0xe8 Src/HAL/Hswitch_program.o
 .debug_frame   0x00000000000007f0       0xa0 Src/HAL/Led_porogram.o
 .debug_frame   0x0000000000000890      0x114 Src/HAL/SSD_program.o
 .debug_frame   0x00000000000009a4       0x38 Src/MCAL/AFIO_program.o
 .debug_frame   0x00000000000009dc      0x110 Src/MCAL/EXTI_program.o
 .debug_frame   0x0000000000000aec      0x17c Src/MCAL/GPIO_program.o
 .debug_frame   0x0000000000000c68      0x100 Src/MCAL/NVIC_program.o
 .debug_frame   0x0000000000000d68       0x88 Src/MCAL/RCC_program.o
 .debug_frame   0x0000000000000df0      0x174 Src/MCAL/SysTick_program.o
 .debug_frame   0x0000000000000f64       0xc0 Src/MCAL/Timer_program.o
 .debug_frame   0x0000000000001024       0xf0 Src/OS/OS_program.o
 .debug_frame   0x0000000000001114       0x2c Src/main.o
 .debug_frame   0x0000000000001140       0x2c c:/st/stm32cubeide_1.5.0/stm32cubeide/plugins/com.st.stm32cube.ide.mcu.externaltools.gnu-tools-for-stm32.7-2018-q2-update.win32_1.5.0.202011040924/tools/bin/../lib/gcc/arm-none-eabi/7.3.1/../../../../arm-none-eabi/lib/thumb/v7-m\libc_nano.a(lib_a-init.o)
