ControlModule_program.c:78:6:ControlModule_voidInit	8	static
ControlModule_program.c:92:6:ControlModule_voidUpdate	8	static
ControlModule_program.c:107:6:ControlModule_voidUpdateEdit	8	static
ControlModule_program.c:130:6:ControlModule_voidUpdateDisplay	16	static
ControlModule_program.c:164:13:ControlModule_voidDisplayOptions	16	static
ControlModule_program.c:197:13:ControlModule_voidEditDate	16	static
ControlModule_program.c:248:6:ControlModule_voidEditYears	16	static
ControlModule_program.c:266:6:ControlModule_voidEditMonths	16	static
ControlModule_program.c:284:6:ControlModule_voidEditDays	16	static
ControlModule_program.c:302:13:ControlModule_u8UpdateDaysIncrease	16	static
ControlModule_program.c:363:13:ControlModule_u8UpdateDaysDecrease	16	static
ControlModule_program.c:424:13:ControlModule_voidEditTime	16	static
ControlModule_program.c:474:6:ControlModule_voidEditSecondsMinutes	16	static
ControlModule_program.c:492:6:ControlModule_voidEditHours	16	static
ControlModule_program.c:510:13:ControlModule_u8UpdateTime	16	static
ControlModule_program.c:543:13:ControlModule_u8UpdateDate	16	static
ControlModule_program.c:618:15:ControlModule_BoolIsLeapYear	16	static
ControlModule_program.c:630:15:ControlModule_BoolCheckAlarm	24	static
ControlModule_program.c:647:6:ControlModule_voidSetAlarmState	16	static
ControlModule_program.c:661:6:ControlModule_voidSetDisplayState	16	static
ControlModule_program.c:666:6:ControlModule_voidSetDisplayOrEdit	16	static
ControlModule_program.c:671:6:ControlModule_voidSetEditState	16	static
ControlModule_program.c:676:6:ControlModule_voidSetEditPosition	16	static
ControlModule_program.c:681:6:ControlModule_voidSetWhatToEdit	16	static
ControlModule_program.c:686:6:ControlModule_voidSetStopWatchState	16	static
